Archive member included to satisfy reference by file (symbol)

c:/gcc_toolchain/6_2017-q1-update/bin/../lib/gcc/arm-none-eabi/6.3.1/../../../../arm-none-eabi/lib/thumb/v7e-m/fpv4-sp/hard\libc_nano.a(lib_a-exit.o)
                              c:/gcc_toolchain/6_2017-q1-update/bin/../lib/gcc/arm-none-eabi/6.3.1/../../../../arm-none-eabi/lib/thumb/v7e-m/fpv4-sp/hard/crt0.o (exit)
c:/gcc_toolchain/6_2017-q1-update/bin/../lib/gcc/arm-none-eabi/6.3.1/../../../../arm-none-eabi/lib/thumb/v7e-m/fpv4-sp/hard\libc_nano.a(lib_a-impure.o)
                              c:/gcc_toolchain/6_2017-q1-update/bin/../lib/gcc/arm-none-eabi/6.3.1/../../../../arm-none-eabi/lib/thumb/v7e-m/fpv4-sp/hard\libc_nano.a(lib_a-exit.o) (_global_impure_ptr)
c:/gcc_toolchain/6_2017-q1-update/bin/../lib/gcc/arm-none-eabi/6.3.1/../../../../arm-none-eabi/lib/thumb/v7e-m/fpv4-sp/hard\libc_nano.a(lib_a-init.o)
                              c:/gcc_toolchain/6_2017-q1-update/bin/../lib/gcc/arm-none-eabi/6.3.1/../../../../arm-none-eabi/lib/thumb/v7e-m/fpv4-sp/hard/crt0.o (__libc_init_array)
c:/gcc_toolchain/6_2017-q1-update/bin/../lib/gcc/arm-none-eabi/6.3.1/../../../../arm-none-eabi/lib/thumb/v7e-m/fpv4-sp/hard\libc_nano.a(lib_a-malloc.o)
                              build/usbh_msc.o (malloc)
c:/gcc_toolchain/6_2017-q1-update/bin/../lib/gcc/arm-none-eabi/6.3.1/../../../../arm-none-eabi/lib/thumb/v7e-m/fpv4-sp/hard\libc_nano.a(lib_a-memcpy-stub.o)
                              build/queue.o (memcpy)
c:/gcc_toolchain/6_2017-q1-update/bin/../lib/gcc/arm-none-eabi/6.3.1/../../../../arm-none-eabi/lib/thumb/v7e-m/fpv4-sp/hard\libc_nano.a(lib_a-memset.o)
                              c:/gcc_toolchain/6_2017-q1-update/bin/../lib/gcc/arm-none-eabi/6.3.1/../../../../arm-none-eabi/lib/thumb/v7e-m/fpv4-sp/hard/crt0.o (memset)
c:/gcc_toolchain/6_2017-q1-update/bin/../lib/gcc/arm-none-eabi/6.3.1/../../../../arm-none-eabi/lib/thumb/v7e-m/fpv4-sp/hard\libc_nano.a(lib_a-nano-freer.o)
                              c:/gcc_toolchain/6_2017-q1-update/bin/../lib/gcc/arm-none-eabi/6.3.1/../../../../arm-none-eabi/lib/thumb/v7e-m/fpv4-sp/hard\libc_nano.a(lib_a-malloc.o) (_free_r)
c:/gcc_toolchain/6_2017-q1-update/bin/../lib/gcc/arm-none-eabi/6.3.1/../../../../arm-none-eabi/lib/thumb/v7e-m/fpv4-sp/hard\libc_nano.a(lib_a-nano-mallocr.o)
                              c:/gcc_toolchain/6_2017-q1-update/bin/../lib/gcc/arm-none-eabi/6.3.1/../../../../arm-none-eabi/lib/thumb/v7e-m/fpv4-sp/hard\libc_nano.a(lib_a-malloc.o) (_malloc_r)
c:/gcc_toolchain/6_2017-q1-update/bin/../lib/gcc/arm-none-eabi/6.3.1/../../../../arm-none-eabi/lib/thumb/v7e-m/fpv4-sp/hard\libc_nano.a(lib_a-puts.o)
                              build/main.o (puts)
c:/gcc_toolchain/6_2017-q1-update/bin/../lib/gcc/arm-none-eabi/6.3.1/../../../../arm-none-eabi/lib/thumb/v7e-m/fpv4-sp/hard\libc_nano.a(lib_a-sbrkr.o)
                              c:/gcc_toolchain/6_2017-q1-update/bin/../lib/gcc/arm-none-eabi/6.3.1/../../../../arm-none-eabi/lib/thumb/v7e-m/fpv4-sp/hard\libc_nano.a(lib_a-nano-mallocr.o) (_sbrk_r)
c:/gcc_toolchain/6_2017-q1-update/bin/../lib/gcc/arm-none-eabi/6.3.1/../../../../arm-none-eabi/lib/thumb/v7e-m/fpv4-sp/hard\libc_nano.a(lib_a-strcmp.o)
                              build/main.o (strcmp)
c:/gcc_toolchain/6_2017-q1-update/bin/../lib/gcc/arm-none-eabi/6.3.1/../../../../arm-none-eabi/lib/thumb/v7e-m/fpv4-sp/hard\libc_nano.a(lib_a-strrchr.o)
                              build/main.o (strrchr)
c:/gcc_toolchain/6_2017-q1-update/bin/../lib/gcc/arm-none-eabi/6.3.1/../../../../arm-none-eabi/lib/thumb/v7e-m/fpv4-sp/hard\libc_nano.a(lib_a-wbuf.o)
                              c:/gcc_toolchain/6_2017-q1-update/bin/../lib/gcc/arm-none-eabi/6.3.1/../../../../arm-none-eabi/lib/thumb/v7e-m/fpv4-sp/hard\libc_nano.a(lib_a-puts.o) (__swbuf_r)
c:/gcc_toolchain/6_2017-q1-update/bin/../lib/gcc/arm-none-eabi/6.3.1/../../../../arm-none-eabi/lib/thumb/v7e-m/fpv4-sp/hard\libc_nano.a(lib_a-wsetup.o)
                              c:/gcc_toolchain/6_2017-q1-update/bin/../lib/gcc/arm-none-eabi/6.3.1/../../../../arm-none-eabi/lib/thumb/v7e-m/fpv4-sp/hard\libc_nano.a(lib_a-puts.o) (__swsetup_r)
c:/gcc_toolchain/6_2017-q1-update/bin/../lib/gcc/arm-none-eabi/6.3.1/../../../../arm-none-eabi/lib/thumb/v7e-m/fpv4-sp/hard\libc_nano.a(lib_a-fflush.o)
                              c:/gcc_toolchain/6_2017-q1-update/bin/../lib/gcc/arm-none-eabi/6.3.1/../../../../arm-none-eabi/lib/thumb/v7e-m/fpv4-sp/hard\libc_nano.a(lib_a-wbuf.o) (_fflush_r)
c:/gcc_toolchain/6_2017-q1-update/bin/../lib/gcc/arm-none-eabi/6.3.1/../../../../arm-none-eabi/lib/thumb/v7e-m/fpv4-sp/hard\libc_nano.a(lib_a-findfp.o)
                              c:/gcc_toolchain/6_2017-q1-update/bin/../lib/gcc/arm-none-eabi/6.3.1/../../../../arm-none-eabi/lib/thumb/v7e-m/fpv4-sp/hard\libc_nano.a(lib_a-puts.o) (__sinit)
[...]
Memory Configuration

Name             Origin             Length             Attributes
RAM              0x20000000         0x00020000         xrw
CCMRAM           0x10000000         0x00010000         rw
FLASH            0x08000000         0x00100000         xr
*default*        0x00000000         0xffffffff

Linker script and memory map

LOAD c:/gcc_toolchain/6_2017-q1-update/bin/../lib/gcc/arm-none-eabi/6.3.1/thumb/v7e-m/fpv4-sp/hard/crti.o
LOAD c:/gcc_toolchain/6_2017-q1-update/bin/../lib/gcc/arm-none-eabi/6.3.1/thumb/v7e-m/fpv4-sp/hard/crtbegin.o
LOAD c:/gcc_toolchain/6_2017-q1-update/bin/../lib/gcc/arm-none-eabi/6.3.1/../../../../arm-none-eabi/lib/thumb/v7e-m/fpv4-sp/hard/crt0.o
LOAD build/usbh_ctlreq.o
LOAD build/stm32f4xx_hal_pwr_ex.o
LOAD build/usbh_msc_bot.o
LOAD build/usbh_diskio.o
LOAD build/stm32f4xx_hal_cortex.o
LOAD build/stm32f4xx_ll_usb.o
LOAD build/usbh_ioreq.o
LOAD build/main.o
LOAD build/stm32f4xx_hal_msp.o
LOAD build/stm32f4xx_hal_pwr.o
LOAD build/fatfs.o
LOAD build/stm32f4xx_hal_uart.o
LOAD build/usbh_msc.o
LOAD build/usbh_conf.o
LOAD build/heap_4.o
LOAD build/usbh_core.o
LOAD build/list.o
LOAD build/stm32f4xx_hal_rcc_ex.o
LOAD build/stm32f4xx_hal.o
LOAD build/stm32f4xx_hal_flash_ex.o
LOAD build/stm32f4xx_hal_rcc.o
LOAD build/usbh_msc_scsi.o
LOAD build/croutine.o
LOAD build/stm32f4xx_hal_dma.o
LOAD build/stm32f4xx_it.o
LOAD build/diskio.o
LOAD build/syscall.o
LOAD build/tasks.o
LOAD build/usbh_pipes.o
LOAD build/stm32f4xx_hal_hcd.o
LOAD build/stm32f4xx_hal_i2s.o
LOAD build/stm32f4xx_hal_i2s_ex.o
LOAD build/queue.o
LOAD build/port.o
LOAD build/system_stm32f4xx.o
LOAD build/cmsis_os.o
LOAD build/stm32f4xx_hal_flash_ramfunc.o
LOAD build/freertos.o
LOAD build/stm32f4xx_hal_tim.o
LOAD build/stm32f4xx_hal_flash.o
LOAD build/usb_host.o
LOAD build/timers.o
LOAD build/stm32f4xx_hal_tim_ex.o
LOAD build/ff.o
LOAD build/stm32f4xx_hal_dma_ex.o
LOAD build/stm32f4xx_hal_gpio.o
LOAD build/ff_gen_drv.o
LOAD build/event_groups.o
LOAD build/stm32f4xx_hal_timebase_TIM.o
LOAD build/stm32f4_discovery.o
LOAD build/stm32f4_discovery_audio.o
LOAD build/stm32f4xx_hal_i2c.o
LOAD build/cs43l22.o
LOAD build/startup_stm32f407xx.o
LOAD c:/gcc_toolchain/6_2017-q1-update/bin/../lib/gcc/arm-none-eabi/6.3.1/../../../../arm-none-eabi/lib/thumb/v7e-m/fpv4-sp/hard\libc_nano.a
LOAD c:/gcc_toolchain/6_2017-q1-update/bin/../lib/gcc/arm-none-eabi/6.3.1/../../../../arm-none-eabi/lib/thumb/v7e-m/fpv4-sp/hard\libm.a
LOAD c:/gcc_toolchain/6_2017-q1-update/bin/../lib/gcc/arm-none-eabi/6.3.1/../../../../arm-none-eabi/lib/thumb/v7e-m/fpv4-sp/hard\libnosys.a
START GROUP
LOAD c:/gcc_toolchain/6_2017-q1-update/bin/../lib/gcc/arm-none-eabi/6.3.1/thumb/v7e-m/fpv4-sp/hard\libgcc.a
LOAD c:/gcc_toolchain/6_2017-q1-update/bin/../lib/gcc/arm-none-eabi/6.3.1/../../../../arm-none-eabi/lib/thumb/v7e-m/fpv4-sp/hard\libc_nano.a
END GROUP
START GROUP
LOAD c:/gcc_toolchain/6_2017-q1-update/bin/../lib/gcc/arm-none-eabi/6.3.1/thumb/v7e-m/fpv4-sp/hard\libgcc.a
LOAD c:/gcc_toolchain/6_2017-q1-update/bin/../lib/gcc/arm-none-eabi/6.3.1/../../../../arm-none-eabi/lib/thumb/v7e-m/fpv4-sp/hard\libc_nano.a
END GROUP
LOAD c:/gcc_toolchain/6_2017-q1-update/bin/../lib/gcc/arm-none-eabi/6.3.1/thumb/v7e-m/fpv4-sp/hard/crtend.o
LOAD c:/gcc_toolchain/6_2017-q1-update/bin/../lib/gcc/arm-none-eabi/6.3.1/thumb/v7e-m/fpv4-sp/hard/crtn.o
                0x20020000                _estack = 0x20020000
                0x00000200                _Min_Heap_Size = 0x200
                0x00000400                _Min_Stack_Size = 0x400

.isr_vector     0x08000000      0x188
                0x08000000                . = ALIGN (0x4)
 *(.isr_vector)
 .isr_vector    0x08000000      0x188 build/startup_stm32f407xx.o
                0x08000000                g_pfnVectors
                0x08000188                . = ALIGN (0x4)

.text           0x08000190     0xb300
                0x08000190                . = ALIGN (0x4)
 *(.text)
 .text          0x08000190       0x6c c:/gcc_toolchain/6_2017-q1-update/bin/../lib/gcc/arm-none-eabi/6.3.1/thumb/v7e-m/fpv4-sp/hard/crtbegin.o
 .text          0x080001fc       0x14 c:/gcc_toolchain/6_2017-q1-update/bin/../lib/gcc/arm-none-eabi/6.3.1/../../../../arm-none-eabi/lib/thumb/v7e-m/fpv4-sp/hard\libc_nano.a(lib_a-strcmp.o)
                0x080001fc                strcmp
 *(.text*)
 .text.USBH_ParseDevDesc
                0x08000210       0x5c build/usbh_ctlreq.o
 .text.USBH_ParseInterfaceDesc
                0x0800026c       0x26 build/usbh_ctlreq.o
 .text.USBH_ParseEPDesc
                0x08000292       0x20 build/usbh_ctlreq.o
 .text.USBH_ParseStringDesc
                0x080002b2       0x34 build/usbh_ctlreq.o
 .text.USBH_HandleControl
                0x080002e6      0x288 build/usbh_ctlreq.o
 .text.USBH_GetNextDesc
                0x0800056e        0xe build/usbh_ctlreq.o
                0x0800056e                USBH_GetNextDesc
 .text.USBH_ParseCfgDesc
                0x0800057c       0xc8 build/usbh_ctlreq.o
 .text.USBH_CtlReq
                0x08000644       0x4a build/usbh_ctlreq.o
                0x08000644                USBH_CtlReq
 .text.USBH_GetDescriptor
                0x0800068e       0x3c build/usbh_ctlreq.o
                0x0800068e                USBH_GetDescriptor
 .text.USBH_Get_DevDesc
                0x080006ca       0x32 build/usbh_ctlreq.o
                0x080006ca                USBH_Get_DevDesc
 .text.USBH_Get_CfgDesc
                0x080006fc       0x32 build/usbh_ctlreq.o
                0x080006fc                USBH_Get_CfgDesc
 .text.USBH_Get_StringDesc
                0x0800072e       0x30 build/usbh_ctlreq.o
                0x0800072e                USBH_Get_StringDesc
 .text.USBH_SetAddress
                0x0800075e       0x22 build/usbh_ctlreq.o
                0x0800075e                USBH_SetAddress
 .text.USBH_SetCfg
                0x08000780       0x22 build/usbh_ctlreq.o
                0x08000780                USBH_SetCfg
 .text.USBH_ClrFeature
                0x080007a2       0x24 build/usbh_ctlreq.o
                0x080007a2                USBH_ClrFeature
 *fill*         0x080007c6        0x2 
 .text.USBH_MSC_DecodeCSW
                0x080007c8       0x50 build/usbh_msc_bot.o
 .text.USBH_MSC_BOT_Abort
                0x08000818       0x22 build/usbh_msc_bot.o
 .text.USBH_MSC_BOT_REQ_Reset
                0x0800083a       0x1a build/usbh_msc_bot.o
                0x0800083a                USBH_MSC_BOT_REQ_Reset
 .text.USBH_MSC_BOT_REQ_GetMaxLUN
                0x08000854       0x1a build/usbh_msc_bot.o
                0x08000854                USBH_MSC_BOT_REQ_GetMaxLUN
 *fill*         0x0800086e        0x2 
 .text.USBH_MSC_BOT_Init
                0x08000870       0x24 build/usbh_msc_bot.o
                0x08000870                USBH_MSC_BOT_Init
 .text.USBH_MSC_BOT_Process
                0x08000894      0x2d2 build/usbh_msc_bot.o
                0x08000894                USBH_MSC_BOT_Process
 .text.USBH_initialize
                0x08000b66        0x4 build/usbh_diskio.o
                0x08000b66                USBH_initialize
 *fill*         0x08000b6a        0x2 
 .text.USBH_status
                0x08000b6c       0x18 build/usbh_diskio.o
                0x08000b6c                USBH_status
 .text.USBH_read
                0x08000b84       0x4c build/usbh_diskio.o
                0x08000b84                USBH_read
 .text.USBH_ioctl
                0x08000bd0       0x68 build/usbh_diskio.o
                0x08000bd0                USBH_ioctl
 .text.USBH_write
                0x08000c38       0x58 build/usbh_diskio.o
                0x08000c38                USBH_write
 .text.HAL_NVIC_SetPriorityGrouping
                0x08000c90       0x24 build/stm32f4xx_hal_cortex.o
                0x08000c90                HAL_NVIC_SetPriorityGrouping
 .text.HAL_NVIC_SetPriority
                0x08000cb4       0x64 build/stm32f4xx_hal_cortex.o
                0x08000cb4                HAL_NVIC_SetPriority
 .text.HAL_NVIC_EnableIRQ
                0x08000d18       0x18 build/stm32f4xx_hal_cortex.o
                0x08000d18                HAL_NVIC_EnableIRQ
 .text.HAL_SYSTICK_Config
                0x08000d30       0x2c build/stm32f4xx_hal_cortex.o
                0x08000d30                HAL_SYSTICK_Config
 .text.HAL_SYSTICK_CLKSourceConfig
                0x08000d5c       0x20 build/stm32f4xx_hal_cortex.o
                0x08000d5c                HAL_SYSTICK_CLKSourceConfig
 .text.USB_CoreInit
                0x08000d7c       0x7c build/stm32f4xx_ll_usb.o
                0x08000d7c                USB_CoreInit
 .text.USB_EnableGlobalInt
                0x08000df8        0xc build/stm32f4xx_ll_usb.o
                0x08000df8                USB_EnableGlobalInt
 .text.USB_DisableGlobalInt
                0x08000e04        0xc build/stm32f4xx_ll_usb.o
                0x08000e04                USB_DisableGlobalInt
 .text.USB_SetCurrentMode
                0x08000e10       0x2c build/stm32f4xx_ll_usb.o
                0x08000e10                USB_SetCurrentMode
 .text.USB_FlushTxFifo
                0x08000e3c       0x28 build/stm32f4xx_ll_usb.o
                0x08000e3c                USB_FlushTxFifo
 .text.USB_FlushRxFifo
                0x08000e64       0x24 build/stm32f4xx_ll_usb.o
                0x08000e64                USB_FlushRxFifo
 .text.USB_WritePacket
                0x08000e88       0x28 build/stm32f4xx_ll_usb.o
                0x08000e88                USB_WritePacket
 .text.USB_ReadPacket
                0x08000eb0       0x28 build/stm32f4xx_ll_usb.o
                0x08000eb0                USB_ReadPacket
 .text.USB_ReadInterrupts
                0x08000ed8        0x8 build/stm32f4xx_ll_usb.o
                0x08000ed8                USB_ReadInterrupts
 .text.USB_GetMode
                0x08000ee0        0x8 build/stm32f4xx_ll_usb.o
                0x08000ee0                USB_GetMode
 .text.USB_CoreReset
                0x08000ee8       0x3c build/stm32f4xx_ll_usb.o
 .text.USB_HostInit
                0x08000f24       0xec build/stm32f4xx_ll_usb.o
                0x08000f24                USB_HostInit
 .text.USB_InitFSLSPClkSel
                0x08001010       0x40 build/stm32f4xx_ll_usb.o
                0x08001010                USB_InitFSLSPClkSel
 .text.USB_ResetPort
                0x08001050       0x34 build/stm32f4xx_ll_usb.o
                0x08001050                USB_ResetPort
 .text.USB_DriveVbus
                0x08001084       0x42 build/stm32f4xx_ll_usb.o
                0x08001084                USB_DriveVbus
 .text.USB_GetHostSpeed
                0x080010c6       0x12 build/stm32f4xx_ll_usb.o
                0x080010c6                USB_GetHostSpeed
 .text.USB_GetCurrentFrame
                0x080010d8        0xa build/stm32f4xx_ll_usb.o
                0x080010d8                USB_GetCurrentFrame
 .text.USB_HC_Init
                0x080010e2       0xea build/stm32f4xx_ll_usb.o
                0x080010e2                USB_HC_Init
 .text.USB_HC_StartXfer
                0x080011cc      0x27c build/stm32f4xx_ll_usb.o
                0x080011cc                USB_HC_StartXfer
 .text.USB_HC_ReadInterrupt
                0x08001448       0x1e build/stm32f4xx_ll_usb.o
                0x08001448                USB_HC_ReadInterrupt
 .text.USB_HC_Halt
                0x08001466      0x1d2 build/stm32f4xx_ll_usb.o
                0x08001466                USB_HC_Halt
 .text.USB_DoPing
                0x08001638       0x78 build/stm32f4xx_ll_usb.o
                0x08001638                USB_DoPing
 .text.USB_StopHost
                0x080016b0      0x108 build/stm32f4xx_ll_usb.o
                0x080016b0                USB_StopHost
 .text.USBH_CtlSendSetup
                0x080017b8       0x22 build/usbh_ioreq.o
                0x080017b8                USBH_CtlSendSetup
 .text.USBH_CtlSendData
                0x080017da       0x2c build/usbh_ioreq.o
                0x080017da                USBH_CtlSendData
 .text.USBH_CtlReceiveData
                0x08001806       0x20 build/usbh_ioreq.o
                0x08001806                USBH_CtlReceiveData
 .text.USBH_BulkSendData
                0x08001826       0x2c build/usbh_ioreq.o
                0x08001826                USBH_BulkSendData
 .text.USBH_BulkReceiveData
                0x08001852       0x20 build/usbh_ioreq.o
                0x08001852                USBH_BulkReceiveData
 *fill*         0x08001872        0x2 
 .text.print_chr
                0x08001874       0x20 build/main.o
 .text.MX_GPIO_Init
                0x08001894      0x188 build/main.o
 .text.BSP_AUDIO_OUT_HalfTransfer_CallBack
                0x08001a1c        0xc build/main.o
                0x08001a1c                BSP_AUDIO_OUT_HalfTransfer_CallBack
 .text.BSP_AUDIO_OUT_TransferComplete_CallBack
                0x08001a28       0x1c build/main.o
                0x08001a28                BSP_AUDIO_OUT_TransferComplete_CallBack
 .text.BSP_AUDIO_OUT_Error_CallBack
                0x08001a44        0x2 build/main.o
                0x08001a44                BSP_AUDIO_OUT_Error_CallBack
 .text.WavePlayerInit
                0x08001a46        0xe build/main.o
                0x08001a46                WavePlayerInit
 .text.WavePlayerStop
                0x08001a54        0xa build/main.o
                0x08001a54                WavePlayerStop
 .text._write_r
                0x08001a5e       0x1c build/main.o
                0x08001a5e                _write_r
 *fill*         0x08001a7a        0x2 
 .text.get_filename_ext
                0x08001a7c       0x20 build/main.o
                0x08001a7c                get_filename_ext
 .text.HAL_TIM_PeriodElapsedCallback
                0x08001a9c       0x18 build/main.o
                0x08001a9c                HAL_TIM_PeriodElapsedCallback
 .text._Error_Handler
                0x08001ab4        0x2 build/main.o
                0x08001ab4                _Error_Handler
 *fill*         0x08001ab6        0x2 
 .text.WavePlayBack
                0x08001ab8      0x110 build/main.o
                0x08001ab8                WavePlayBack
 .text.WavePlayerStart
                0x08001bc8       0x58 build/main.o
                0x08001bc8                WavePlayerStart
 .text.play_directory
                0x08001c20       0x60 build/main.o
 .text.StartDefaultTask
                0x08001c80       0x54 build/main.o
                0x08001c80                StartDefaultTask
 .text.MX_USART2_UART_Init
                0x08001cd4       0x3c build/main.o
 .text.MX_I2S2_Init
                0x08001d10       0x40 build/main.o
 .text.MX_I2S3_Init
                0x08001d50       0x40 build/main.o
 .text.SystemClock_Config
                0x08001d90       0xe4 build/main.o
                0x08001d90                SystemClock_Config
 .text.main     0x08001e74       0x44 build/main.o
                0x08001e74                main
 .text.HAL_MspInit
                0x08001eb8       0x5e build/stm32f4xx_hal_msp.o
                0x08001eb8                HAL_MspInit
 *fill*         0x08001f16        0x2 
 .text.HAL_I2S_MspInit
                0x08001f18       0xc0 build/stm32f4xx_hal_msp.o
                0x08001f18                HAL_I2S_MspInit
 .text.HAL_UART_MspInit
                0x08001fd8       0x54 build/stm32f4xx_hal_msp.o
                0x08001fd8                HAL_UART_MspInit
 .text.MX_FATFS_Init
                0x0800202c       0x1c build/fatfs.o
                0x0800202c                MX_FATFS_Init
 .text.get_fattime
                0x08002048        0x4 build/fatfs.o
                0x08002048                get_fattime
 .text.UART_SetConfig
                0x0800204c      0x344 build/stm32f4xx_hal_uart.o
 .text.UART_WaitOnFlagUntilTimeout
                0x08002390       0x64 build/stm32f4xx_hal_uart.o
 .text.HAL_UART_Init
                0x080023f4       0x5e build/stm32f4xx_hal_uart.o
                0x080023f4                HAL_UART_Init
 .text.HAL_UART_Transmit
                0x08002452       0xe2 build/stm32f4xx_hal_uart.o
                0x08002452                HAL_UART_Transmit
 .text.USBH_MSC_SOFProcess
                0x08002534        0x4 build/usbh_msc.o
 .text.USBH_MSC_Process
                0x08002538      0x2a2 build/usbh_msc.o
 .text.USBH_MSC_ClassRequest
                0x080027da       0x64 build/usbh_msc.o
 .text.USBH_MSC_InterfaceDeInit
                0x0800283e       0x50 build/usbh_msc.o
 .text.USBH_MSC_InterfaceInit
                0x0800288e      0x12e build/usbh_msc.o
 .text.USBH_MSC_RdWrProcess
                0x080029bc      0x124 build/usbh_msc.o
 .text.USBH_MSC_UnitIsReady
                0x08002ae0       0x24 build/usbh_msc.o
                0x08002ae0                USBH_MSC_UnitIsReady
 .text.USBH_MSC_GetLUNInfo
                0x08002b04       0x44 build/usbh_msc.o
                0x08002b04                USBH_MSC_GetLUNInfo
 .text.USBH_MSC_Read
                0x08002b48       0x92 build/usbh_msc.o
                0x08002b48                USBH_MSC_Read
 .text.USBH_MSC_Write
                0x08002bda       0x92 build/usbh_msc.o
                0x08002bda                USBH_MSC_Write
 .text.HAL_HCD_MspInit
                0x08002c6c       0x78 build/usbh_conf.o
                0x08002c6c                HAL_HCD_MspInit
 .text.HAL_HCD_SOF_Callback
                0x08002ce4        0xc build/usbh_conf.o
                0x08002ce4                HAL_HCD_SOF_Callback
 .text.HAL_HCD_Connect_Callback
                0x08002cf0        0xc build/usbh_conf.o
                0x08002cf0                HAL_HCD_Connect_Callback
 .text.HAL_HCD_Disconnect_Callback
                0x08002cfc        0xc build/usbh_conf.o
                0x08002cfc                HAL_HCD_Disconnect_Callback
 .text.HAL_HCD_HC_NotifyURBChange_Callback
                0x08002d08        0xc build/usbh_conf.o
                0x08002d08                HAL_HCD_HC_NotifyURBChange_Callback
 .text.USBH_LL_Init
                0x08002d14       0x5c build/usbh_conf.o
                0x08002d14                USBH_LL_Init
 .text.USBH_LL_Start
                0x08002d70       0x1c build/usbh_conf.o
                0x08002d70                USBH_LL_Start
 .text.USBH_LL_Stop
                0x08002d8c       0x1c build/usbh_conf.o
                0x08002d8c                USBH_LL_Stop
 .text.USBH_LL_GetSpeed
                0x08002da8       0x1c build/usbh_conf.o
                0x08002da8                USBH_LL_GetSpeed
 .text.USBH_LL_ResetPort
                0x08002dc4       0x1c build/usbh_conf.o
                0x08002dc4                USBH_LL_ResetPort
 .text.USBH_LL_GetLastXferSize
                0x08002de0        0xc build/usbh_conf.o
                0x08002de0                USBH_LL_GetLastXferSize
 .text.USBH_LL_OpenPipe
                0x08002dec       0x32 build/usbh_conf.o
                0x08002dec                USBH_LL_OpenPipe
 .text.USBH_LL_ClosePipe
                0x08002e1e       0x1c build/usbh_conf.o
                0x08002e1e                USBH_LL_ClosePipe
 .text.USBH_LL_SubmitURB
                0x08002e3a       0x36 build/usbh_conf.o
                0x08002e3a                USBH_LL_SubmitURB
 .text.USBH_LL_GetURBState
                0x08002e70        0xc build/usbh_conf.o
                0x08002e70                USBH_LL_GetURBState
 .text.USBH_LL_DriverVBUS
                0x08002e7c        0xc build/usbh_conf.o
                0x08002e7c                USBH_LL_DriverVBUS
 .text.USBH_LL_SetToggle
                0x08002e88       0x32 build/usbh_conf.o
                0x08002e88                USBH_LL_SetToggle
 .text.USBH_LL_GetToggle
                0x08002eba       0x2a build/usbh_conf.o
                0x08002eba                USBH_LL_GetToggle
 .text.USBH_Delay
                0x08002ee4        0x8 build/usbh_conf.o
                0x08002ee4                USBH_Delay
 .text.prvHeapInit
                0x08002eec       0x64 build/heap_4.o
 .text.prvInsertBlockIntoFreeList
                0x08002f50       0x58 build/heap_4.o
 .text.pvPortMalloc
                0x08002fa8      0x108 build/heap_4.o
                0x08002fa8                pvPortMalloc
 .text.vPortFree
                0x080030b0       0x70 build/heap_4.o
                0x080030b0                vPortFree
 .text.DeInitStateMachine
                0x08003120       0x4c build/usbh_core.o
 .text.USBH_HandleSof
                0x0800316c       0x1a build/usbh_core.o
 .text.USBH_HandleEnum
                0x08003186      0x1a2 build/usbh_core.o
 .text.USBH_Init
                0x08003328       0x68 build/usbh_core.o
                0x08003328                USBH_Init
 .text.USBH_RegisterClass
                0x08003390       0x22 build/usbh_core.o
                0x08003390                USBH_RegisterClass
 .text.USBH_SelectInterface
                0x080033b2       0x14 build/usbh_core.o
                0x080033b2                USBH_SelectInterface
 .text.USBH_FindInterface
                0x080033c6       0x52 build/usbh_core.o
                0x080033c6                USBH_FindInterface
 .text.USBH_Start
                0x08003418       0x14 build/usbh_core.o
                0x08003418                USBH_Start
 .text.USBH_Process
                0x0800342c      0x1ce build/usbh_core.o
                0x0800342c                USBH_Process
 .text.USBH_Process_OS
                0x080035fa       0x22 build/usbh_core.o
 .text.USBH_LL_SetTimer
                0x0800361c        0x6 build/usbh_core.o
                0x0800361c                USBH_LL_SetTimer
 .text.USBH_LL_IncTimer
                0x08003622       0x12 build/usbh_core.o
                0x08003622                USBH_LL_IncTimer
 .text.USBH_LL_Connect
                0x08003634       0x36 build/usbh_core.o
                0x08003634                USBH_LL_Connect
 .text.USBH_LL_Disconnect
                0x0800366a       0x44 build/usbh_core.o
                0x0800366a                USBH_LL_Disconnect
 .text.USBH_LL_NotifyURBChange
                0x080036ae       0x12 build/usbh_core.o
                0x080036ae                USBH_LL_NotifyURBChange
 .text.vListInitialise
                0x080036c0       0x16 build/list.o
                0x080036c0                vListInitialise
 .text.vListInitialiseItem
                0x080036d6        0x6 build/list.o
                0x080036d6                vListInitialiseItem
 .text.vListInsertEnd
                0x080036dc       0x18 build/list.o
                0x080036dc                vListInsertEnd
 .text.vListInsert
                0x080036f4       0x34 build/list.o
                0x080036f4                vListInsert
 .text.uxListRemove
                0x08003728       0x26 build/list.o
                0x08003728                uxListRemove
 *fill*         0x0800374e        0x2 
 .text.HAL_RCCEx_PeriphCLKConfig
                0x08003750      0x170 build/stm32f4xx_hal_rcc_ex.o
                0x08003750                HAL_RCCEx_PeriphCLKConfig
 .text.HAL_RCCEx_GetPeriphCLKConfig
                0x080038c0       0x4c build/stm32f4xx_hal_rcc_ex.o
                0x080038c0                HAL_RCCEx_GetPeriphCLKConfig
 .text.HAL_RCCEx_GetPeriphCLKFreq
                0x0800390c       0x74 build/stm32f4xx_hal_rcc_ex.o
                0x0800390c                HAL_RCCEx_GetPeriphCLKFreq
 .text.HAL_Init
                0x08003980       0x34 build/stm32f4xx_hal.o
                0x08003980                HAL_Init
 .text.HAL_IncTick
                0x080039b4       0x10 build/stm32f4xx_hal.o
                0x080039b4                HAL_IncTick
 .text.HAL_GetTick
                0x080039c4        0xc build/stm32f4xx_hal.o
                0x080039c4                HAL_GetTick
 .text.HAL_Delay
                0x080039d0       0x24 build/stm32f4xx_hal.o
                0x080039d0                HAL_Delay
 .text.HAL_RCC_OscConfig
                0x080039f4      0x3b0 build/stm32f4xx_hal_rcc.o
                0x080039f4                HAL_RCC_OscConfig
 .text.HAL_RCC_GetSysClockFreq
                0x08003da4       0x94 build/stm32f4xx_hal_rcc.o
                0x08003da4                HAL_RCC_GetSysClockFreq
 .text.HAL_RCC_ClockConfig
                0x08003e38      0x19c build/stm32f4xx_hal_rcc.o
                0x08003e38                HAL_RCC_ClockConfig
 .text.HAL_RCC_GetHCLKFreq
                0x08003fd4        0xc build/stm32f4xx_hal_rcc.o
                0x08003fd4                HAL_RCC_GetHCLKFreq
 .text.HAL_RCC_GetPCLK1Freq
                0x08003fe0       0x2c build/stm32f4xx_hal_rcc.o
                0x08003fe0                HAL_RCC_GetPCLK1Freq
 .text.HAL_RCC_GetPCLK2Freq
                0x0800400c       0x2c build/stm32f4xx_hal_rcc.o
                0x0800400c                HAL_RCC_GetPCLK2Freq
 .text.HAL_RCC_GetClockConfig
                0x08004038       0x3c build/stm32f4xx_hal_rcc.o
                0x08004038                HAL_RCC_GetClockConfig
 .text.USBH_MSC_SCSI_TestUnitReady
                0x08004074       0x4e build/usbh_msc_scsi.o
                0x08004074                USBH_MSC_SCSI_TestUnitReady
 .text.USBH_MSC_SCSI_ReadCapacity
                0x080040c2       0x8e build/usbh_msc_scsi.o
                0x080040c2                USBH_MSC_SCSI_ReadCapacity
 .text.USBH_MSC_SCSI_Inquiry
                0x08004150       0xd0 build/usbh_msc_scsi.o
                0x08004150                USBH_MSC_SCSI_Inquiry
 .text.USBH_MSC_SCSI_RequestSense
                0x08004220       0x94 build/usbh_msc_scsi.o
                0x08004220                USBH_MSC_SCSI_RequestSense
 .text.USBH_MSC_SCSI_Write
                0x080042b4       0x8e build/usbh_msc_scsi.o
                0x080042b4                USBH_MSC_SCSI_Write
 .text.USBH_MSC_SCSI_Read
                0x08004342       0x90 build/usbh_msc_scsi.o
                0x08004342                USBH_MSC_SCSI_Read
 .text.DMA_SetConfig
                0x080043d2       0x2c build/stm32f4xx_hal_dma.o
 *fill*         0x080043fe        0x2 
 .text.DMA_CalcBaseAndBitshift
                0x08004400       0x3c build/stm32f4xx_hal_dma.o
 .text.DMA_CheckFifoParam
                0x0800443c       0x8e build/stm32f4xx_hal_dma.o
 *fill*         0x080044ca        0x2 
 .text.HAL_DMA_Init
                0x080044cc       0xd0 build/stm32f4xx_hal_dma.o
                0x080044cc                HAL_DMA_Init
 .text.HAL_DMA_DeInit
                0x0800459c       0x58 build/stm32f4xx_hal_dma.o
                0x0800459c                HAL_DMA_DeInit
 .text.HAL_DMA_Start_IT
                0x080045f4       0x74 build/stm32f4xx_hal_dma.o
                0x080045f4                HAL_DMA_Start_IT
 .text.HAL_DMA_Abort
                0x08004668       0x94 build/stm32f4xx_hal_dma.o
                0x08004668                HAL_DMA_Abort
 .text.HAL_DMA_IRQHandler
                0x080046fc      0x1e4 build/stm32f4xx_hal_dma.o
                0x080046fc                HAL_DMA_IRQHandler
 .text.DMA1_Stream7_IRQHandler
                0x080048e0       0x10 build/stm32f4xx_it.o
                0x080048e0                DMA1_Stream7_IRQHandler
 .text.SysTick_Handler
                0x080048f0        0x8 build/stm32f4xx_it.o
                0x080048f0                SysTick_Handler
 .text.TIM8_UP_TIM13_IRQHandler
                0x080048f8       0x10 build/stm32f4xx_it.o
                0x080048f8                TIM8_UP_TIM13_IRQHandler
 .text.OTG_FS_IRQHandler
                0x08004908       0x10 build/stm32f4xx_it.o
                0x08004908                OTG_FS_IRQHandler
 .text.disk_status
                0x08004918       0x18 build/diskio.o
                0x08004918                disk_status
 .text.disk_initialize
                0x08004930       0x28 build/diskio.o
                0x08004930                disk_initialize
 .text.disk_read
                0x08004958       0x18 build/diskio.o
                0x08004958                disk_read
 .text.disk_write
                0x08004970       0x18 build/diskio.o
                0x08004970                disk_write
 .text.disk_ioctl
                0x08004988       0x18 build/diskio.o
                0x08004988                disk_ioctl
 .text.ff_cre_syncobj
                0x080049a0       0x20 build/syscall.o
                0x080049a0                ff_cre_syncobj
 .text.ff_del_syncobj
                0x080049c0        0xa build/syscall.o
                0x080049c0                ff_del_syncobj
 .text.ff_req_grant
                0x080049ca       0x14 build/syscall.o
                0x080049ca                ff_req_grant
 .text.ff_rel_grant
                0x080049de        0x8 build/syscall.o
                0x080049de                ff_rel_grant
 *fill*         0x080049e6        0x2 
 .text.prvResetNextTaskUnblockTime
                0x080049e8       0x34 build/tasks.o
 .text.prvDeleteTCB
                0x08004a1c       0x12 build/tasks.o
 .text.prvInitialiseNewTask
                0x08004a2e       0x80 build/tasks.o
 *fill*         0x08004aae        0x2 
 .text.prvInitialiseTaskLists
                0x08004ab0       0x68 build/tasks.o
 .text.prvAddNewTaskToReadyList
                0x08004b18       0xa8 build/tasks.o
 .text.prvAddCurrentTaskToDelayedList
                0x08004bc0       0x98 build/tasks.o
 .text.xTaskCreate
                0x08004c58       0x62 build/tasks.o
                0x08004c58                xTaskCreate
 *fill*         0x08004cba        0x2 
 .text.vTaskStartScheduler
                0x08004cbc       0x7c build/tasks.o
                0x08004cbc                vTaskStartScheduler
 .text.vTaskSuspendAll
                0x08004d38       0x10 build/tasks.o
                0x08004d38                vTaskSuspendAll
 .text.xTaskIncrementTick
                0x08004d48      0x120 build/tasks.o
                0x08004d48                xTaskIncrementTick
 .text.xTaskResumeAll
                0x08004e68       0xfc build/tasks.o
                0x08004e68                xTaskResumeAll
 .text.vTaskDelay
                0x08004f64       0x50 build/tasks.o
                0x08004f64                vTaskDelay
 .text.prvCheckTasksWaitingTermination
                0x08004fb4       0x5c build/tasks.o
 .text.prvIdleTask
                0x08005010       0x28 build/tasks.o
 .text.vTaskSwitchContext
                0x08005038       0x9c build/tasks.o
                0x08005038                vTaskSwitchContext
 .text.vTaskPlaceOnEventList
                0x080050d4       0x30 build/tasks.o
                0x080050d4                vTaskPlaceOnEventList
 .text.xTaskRemoveFromEventList
                0x08005104       0x8c build/tasks.o
                0x08005104                xTaskRemoveFromEventList
 .text.vTaskSetTimeOutState
                0x08005190       0x2c build/tasks.o
                0x08005190                vTaskSetTimeOutState
 .text.xTaskCheckForTimeOut
                0x080051bc       0x80 build/tasks.o
                0x080051bc                xTaskCheckForTimeOut
 .text.vTaskMissedYield
                0x0800523c        0xc build/tasks.o
                0x0800523c                vTaskMissedYield
 .text.xTaskGetSchedulerState
                0x08005248       0x20 build/tasks.o
                0x08005248                xTaskGetSchedulerState
 .text.vTaskPriorityInherit
                0x08005268       0xa4 build/tasks.o
                0x08005268                vTaskPriorityInherit
 .text.xTaskPriorityDisinherit
                0x0800530c       0xb4 build/tasks.o
                0x0800530c                xTaskPriorityDisinherit
 .text.pvTaskIncrementMutexHeldCount
                0x080053c0       0x1c build/tasks.o
                0x080053c0                pvTaskIncrementMutexHeldCount
 .text.USBH_GetFreePipe
                0x080053dc       0x26 build/usbh_pipes.o
 .text.USBH_OpenPipe
                0x08005402       0x20 build/usbh_pipes.o
                0x08005402                USBH_OpenPipe
 .text.USBH_ClosePipe
                0x08005422        0xa build/usbh_pipes.o
                0x08005422                USBH_ClosePipe
 .text.USBH_AllocPipe
                0x0800542c       0x24 build/usbh_pipes.o
                0x0800542c                USBH_AllocPipe
 .text.USBH_FreePipe
                0x08005450       0x16 build/usbh_pipes.o
                0x08005450                USBH_FreePipe
 *fill*         0x08005466        0x2 
 .text.HCD_RXQLVL_IRQHandler
                0x08005468       0x7c build/stm32f4xx_hal_hcd.o
 .text.HAL_HCD_HC_Init
                0x080054e4       0x72 build/stm32f4xx_hal_hcd.o
                0x080054e4                HAL_HCD_HC_Init
 .text.HAL_HCD_HC_Halt
                0x08005556       0x24 build/stm32f4xx_hal_hcd.o
                0x08005556                HAL_HCD_HC_Halt
 .text.HAL_HCD_Init
                0x0800557a       0x78 build/stm32f4xx_hal_hcd.o
                0x0800557a                HAL_HCD_Init
 .text.HAL_HCD_HC_SubmitRequest
                0x080055f2      0x1cc build/stm32f4xx_hal_hcd.o
                0x080055f2                HAL_HCD_HC_SubmitRequest
 .text.HCD_Port_IRQHandler
                0x080057be       0xc8 build/stm32f4xx_hal_hcd.o
 .text.HCD_HC_IN_IRQHandler
                0x08005886      0x28c build/stm32f4xx_hal_hcd.o
 .text.HCD_HC_OUT_IRQHandler
                0x08005b12      0x2a4 build/stm32f4xx_hal_hcd.o
 .text.HAL_HCD_IRQHandler
                0x08005db6      0x142 build/stm32f4xx_hal_hcd.o
                0x08005db6                HAL_HCD_IRQHandler
 .text.HAL_HCD_Start
                0x08005ef8       0x2c build/stm32f4xx_hal_hcd.o
                0x08005ef8                HAL_HCD_Start
 .text.HAL_HCD_Stop
                0x08005f24       0x24 build/stm32f4xx_hal_hcd.o
                0x08005f24                HAL_HCD_Stop
 .text.HAL_HCD_ResetPort
                0x08005f48        0xa build/stm32f4xx_hal_hcd.o
                0x08005f48                HAL_HCD_ResetPort
 .text.HAL_HCD_HC_GetURBState
                0x08005f52        0xe build/stm32f4xx_hal_hcd.o
                0x08005f52                HAL_HCD_HC_GetURBState
 .text.HAL_HCD_HC_GetXferCount
                0x08005f60        0xc build/stm32f4xx_hal_hcd.o
                0x08005f60                HAL_HCD_HC_GetXferCount
 .text.HAL_HCD_GetCurrentFrame
                0x08005f6c        0xa build/stm32f4xx_hal_hcd.o
                0x08005f6c                HAL_HCD_GetCurrentFrame
 .text.HAL_HCD_GetCurrentSpeed
                0x08005f76        0xa build/stm32f4xx_hal_hcd.o
                0x08005f76                HAL_HCD_GetCurrentSpeed
 .text.HAL_I2S_Transmit_DMA
                0x08005f80       0xbc build/stm32f4xx_hal_i2s.o
                0x08005f80                HAL_I2S_Transmit_DMA
 .text.HAL_I2S_DMAStop
                0x0800603c       0xc8 build/stm32f4xx_hal_i2s.o
                0x0800603c                HAL_I2S_DMAStop
 .text.I2S_DMATxHalfCplt
                0x08006104        0xa build/stm32f4xx_hal_i2s.o
 .text.I2S_Transmit_IT
                0x0800610e       0x3a build/stm32f4xx_hal_i2s.o
 .text.I2S_DMATxCplt
                0x08006148       0x2a build/stm32f4xx_hal_i2s.o
 .text.I2S_Receive_IT
                0x08006172       0x3a build/stm32f4xx_hal_i2s.o
 .text.HAL_I2S_Init
                0x080061ac      0x194 build/stm32f4xx_hal_i2s.o
                0x080061ac                HAL_I2S_Init
 .text.I2S_IRQHandler
                0x08006340       0xd8 build/stm32f4xx_hal_i2s.o
 .text.I2S_DMAError
                0x08006418       0x28 build/stm32f4xx_hal_i2s.o
 .text.HAL_I2S_GetState
                0x08006440        0x6 build/stm32f4xx_hal_i2s.o
                0x08006440                HAL_I2S_GetState
 .text.HAL_I2SEx_TxRxCpltCallback
                0x08006446        0x2 build/stm32f4xx_hal_i2s_ex.o
                0x08006446                HAL_I2SEx_TxRxCpltCallback
 .text.I2SEx_FullDuplexTx_IT
                0x08006448       0xa4 build/stm32f4xx_hal_i2s_ex.o
 .text.I2SEx_FullDuplexRx_IT
                0x080064ec       0xa4 build/stm32f4xx_hal_i2s_ex.o
 .text.HAL_I2SEx_FullDuplex_IRQHandler
                0x08006590      0x208 build/stm32f4xx_hal_i2s_ex.o
                0x08006590                HAL_I2SEx_FullDuplex_IRQHandler
 .text.prvIsQueueFull
                0x08006798       0x1e build/queue.o
 .text.prvIsQueueEmpty
                0x080067b6       0x1a build/queue.o
 .text.prvCopyDataToQueue
                0x080067d0       0x76 build/queue.o
 .text.prvCopyDataFromQueue
                0x08006846       0x24 build/queue.o
 .text.prvUnlockQueue
                0x0800686a       0x6e build/queue.o
 .text.xQueueGenericReset
                0x080068d8       0x80 build/queue.o
                0x080068d8                xQueueGenericReset
 .text.prvInitialiseNewQueue
                0x08006958       0x1c build/queue.o
 .text.xQueueGenericCreate
                0x08006974       0x48 build/queue.o
                0x08006974                xQueueGenericCreate
 .text.xQueueGenericSend
                0x080069bc      0x188 build/queue.o
                0x080069bc                xQueueGenericSend
 .text.xQueueGenericSendFromISR
                0x08006b44       0xde build/queue.o
                0x08006b44                xQueueGenericSendFromISR
 .text.xQueueGiveFromISR
                0x08006c22       0xbc build/queue.o
                0x08006c22                xQueueGiveFromISR
 *fill*         0x08006cde        0x2 
 .text.xQueueGenericReceive
                0x08006ce0      0x1b0 build/queue.o
                0x08006ce0                xQueueGenericReceive
 .text.xQueueReceiveFromISR
                0x08006e90       0xb6 build/queue.o
                0x08006e90                xQueueReceiveFromISR
 *fill*         0x08006f46        0x2 
 .text.vQueueUnregisterQueue
                0x08006f48       0x2c build/queue.o
                0x08006f48                vQueueUnregisterQueue
 .text.vQueueDelete
                0x08006f74       0x24 build/queue.o
                0x08006f74                vQueueDelete
 .text.prvTaskExitError
                0x08006f98       0x34 build/port.o
 .text.prvPortStartFirstTask
                0x08006fcc       0x20 build/port.o
 .text.vPortEnableVFP
                0x08006fec       0x14 build/port.o
 .text.pxPortInitialiseStack
                0x08007000       0x2c build/port.o
                0x08007000                pxPortInitialiseStack
 *fill*         0x0800702c        0x4 
 .text.SVC_Handler
                0x08007030       0x24 build/port.o
                0x08007030                SVC_Handler
 .text.vPortEnterCritical
                0x08007054       0x44 build/port.o
                0x08007054                vPortEnterCritical
 .text.vPortExitCritical
                0x08007098       0x2c build/port.o
                0x08007098                vPortExitCritical
 *fill*         0x080070c4        0xc 
 .text.PendSV_Handler
                0x080070d0       0x64 build/port.o
                0x080070d0                PendSV_Handler
 .text.xPortSysTickHandler
                0x08007134       0x2c build/port.o
                0x08007134                xPortSysTickHandler
 .text.vPortSetupTimerInterrupt
                0x08007160       0x2c build/port.o
                0x08007160                vPortSetupTimerInterrupt
 .text.xPortStartScheduler
                0x0800718c       0xec build/port.o
                0x0800718c                xPortStartScheduler
 .text.vPortValidateInterruptPriority
                0x08007278       0x5c build/port.o
                0x08007278                vPortValidateInterruptPriority
 .text.SystemInit
                0x080072d4       0x4c build/system_stm32f4xx.o
                0x080072d4                SystemInit
 .text.makeFreeRtosPriority
                0x08007320        0xc build/cmsis_os.o
 .text.inHandlerMode
                0x0800732c        0xc build/cmsis_os.o
 .text.osKernelStart
                0x08007338        0xa build/cmsis_os.o
                0x08007338                osKernelStart
 .text.osThreadCreate
                0x08007342       0x34 build/cmsis_os.o
                0x08007342                osThreadCreate
 .text.osDelay  0x08007376       0x12 build/cmsis_os.o
                0x08007376                osDelay
 .text.osSemaphoreCreate
                0x08007388       0x26 build/cmsis_os.o
                0x08007388                osSemaphoreCreate
 *fill*         0x080073ae        0x2 
 .text.osSemaphoreWait
                0x080073b0       0x74 build/cmsis_os.o
                0x080073b0                osSemaphoreWait
 .text.osSemaphoreRelease
                0x08007424       0x5c build/cmsis_os.o
                0x08007424                osSemaphoreRelease
 .text.osSemaphoreDelete
                0x08007480       0x18 build/cmsis_os.o
                0x08007480                osSemaphoreDelete
 .text.osMessageCreate
                0x08007498        0xe build/cmsis_os.o
                0x08007498                osMessageCreate
 *fill*         0x080074a6        0x2 
 .text.osMessagePut
                0x080074a8       0x68 build/cmsis_os.o
                0x080074a8                osMessagePut
 .text.osMessageGet
                0x08007510       0xa0 build/cmsis_os.o
                0x08007510                osMessageGet
 .text.osSystickHandler
                0x080075b0       0x10 build/cmsis_os.o
                0x080075b0                osSystickHandler
 .text.HAL_TIM_Base_MspInit
                0x080075c0        0x2 build/stm32f4xx_hal_tim.o
                0x080075c0                HAL_TIM_Base_MspInit
 .text.HAL_TIM_Base_Start_IT
                0x080075c2       0x18 build/stm32f4xx_hal_tim.o
                0x080075c2                HAL_TIM_Base_Start_IT
 .text.HAL_TIM_OC_DelayElapsedCallback
                0x080075da        0x2 build/stm32f4xx_hal_tim.o
                0x080075da                HAL_TIM_OC_DelayElapsedCallback
 .text.HAL_TIM_IC_CaptureCallback
                0x080075dc        0x2 build/stm32f4xx_hal_tim.o
                0x080075dc                HAL_TIM_IC_CaptureCallback
 .text.HAL_TIM_PWM_PulseFinishedCallback
                0x080075de        0x2 build/stm32f4xx_hal_tim.o
                0x080075de                HAL_TIM_PWM_PulseFinishedCallback
 .text.HAL_TIM_TriggerCallback
                0x080075e0        0x2 build/stm32f4xx_hal_tim.o
                0x080075e0                HAL_TIM_TriggerCallback
 .text.HAL_TIM_IRQHandler
                0x080075e2      0x17a build/stm32f4xx_hal_tim.o
                0x080075e2                HAL_TIM_IRQHandler
 .text.TIM_Base_SetConfig
                0x0800775c      0x11c build/stm32f4xx_hal_tim.o
                0x0800775c                TIM_Base_SetConfig
 .text.HAL_TIM_Base_Init
                0x08007878       0x32 build/stm32f4xx_hal_tim.o
                0x08007878                HAL_TIM_Base_Init
 *fill*         0x080078aa        0x2 
 .text.USBH_UserProcess
                0x080078ac       0x2c build/usb_host.o
 .text.MX_USB_HOST_Init
                0x080078d8       0x2c build/usb_host.o
                0x080078d8                MX_USB_HOST_Init
 .text.HAL_TIMEx_CommutationCallback
                0x08007904        0x2 build/stm32f4xx_hal_tim_ex.o
                0x08007904                HAL_TIMEx_CommutationCallback
 .text.HAL_TIMEx_BreakCallback
                0x08007906        0x2 build/stm32f4xx_hal_tim_ex.o
                0x08007906                HAL_TIMEx_BreakCallback
 .text.mem_cpy  0x08007908       0x14 build/ff.o
 .text.mem_set  0x0800791c       0x10 build/ff.o
 .text.mem_cmp  0x0800792c       0x22 build/ff.o
 .text.chk_chr  0x0800794e       0x10 build/ff.o
 *fill*         0x0800795e        0x2 
 .text.chk_lock
                0x08007960       0x8c build/ff.o
 .text.enq_lock
                0x080079ec       0x24 build/ff.o
 .text.inc_lock
                0x08007a10       0xd0 build/ff.o
 .text.dec_lock
                0x08007ae0       0x44 build/ff.o
 .text.clear_lock
                0x08007b24       0x38 build/ff.o
 .text.clmt_clust
                0x08007b5c       0x28 build/ff.o
 .text.ld_clust
                0x08007b84       0x22 build/ff.o
 .text.st_clust
                0x08007ba6       0x12 build/ff.o
 .text.get_fileinfo
                0x08007bb8       0x70 build/ff.o
 .text.create_name
                0x08007c28      0x120 build/ff.o
 .text.get_ldnumber
                0x08007d48       0x54 build/ff.o
 .text.sync_window
                0x08007d9c       0x64 build/ff.o
 .text.move_window
                0x08007e00       0x3a build/ff.o
 *fill*         0x08007e3a        0x2 
 .text.check_fs
                0x08007e3c       0x94 build/ff.o
 .text.lock_fs  0x08007ed0        0xc build/ff.o
 .text.find_volume
                0x08007edc      0x37c build/ff.o
 .text.validate
                0x08008258       0x52 build/ff.o
 .text.unlock_fs
                0x080082aa       0x20 build/ff.o
 .text.sync_fs  0x080082ca       0xc2 build/ff.o
 .text.clust2sect
                0x0800838c       0x1e build/ff.o
                0x0800838c                clust2sect
 .text.get_fat  0x080083aa       0xda build/ff.o
                0x080083aa                get_fat
 .text.dir_sdi  0x08008484       0xb6 build/ff.o
 .text.put_fat  0x0800853a      0x124 build/ff.o
                0x0800853a                put_fat
 .text.create_chain
                0x0800865e       0xce build/ff.o
 .text.dir_next
                0x0800872c      0x14c build/ff.o
 .text.dir_find
                0x08008878       0x56 build/ff.o
 .text.follow_path
                0x080088ce       0x8a build/ff.o
 .text.dir_alloc
                0x08008958       0x54 build/ff.o
 .text.dir_register
                0x080089ac       0x4a build/ff.o
 .text.dir_read
                0x080089f6       0x62 build/ff.o
 .text.remove_chain
                0x08008a58       0x74 build/ff.o
 .text.f_mount  0x08008acc       0x8c build/ff.o
                0x08008acc                f_mount
 .text.f_open   0x08008b58      0x1ec build/ff.o
                0x08008b58                f_open
 .text.f_read   0x08008d44      0x22c build/ff.o
                0x08008d44                f_read
 .text.f_sync   0x08008f70       0xd8 build/ff.o
                0x08008f70                f_sync
 .text.f_close  0x08009048       0x3c build/ff.o
                0x08009048                f_close
 .text.f_lseek  0x08009084      0x39e build/ff.o
                0x08009084                f_lseek
 .text.f_opendir
                0x08009422       0xac build/ff.o
                0x08009422                f_opendir
 .text.f_readdir
                0x080094ce       0x70 build/ff.o
                0x080094ce                f_readdir
 *fill*         0x0800953e        0x2 
 .text.HAL_GPIO_Init
                0x08009540      0x1cc build/stm32f4xx_hal_gpio.o
                0x08009540                HAL_GPIO_Init
 .text.HAL_GPIO_WritePin
                0x0800970c        0xc build/stm32f4xx_hal_gpio.o
                0x0800970c                HAL_GPIO_WritePin
 .text.FATFS_LinkDriverEx
                0x08009718       0x4c build/ff_gen_drv.o
                0x08009718                FATFS_LinkDriverEx
 .text.FATFS_LinkDriver
                0x08009764        0xa build/ff_gen_drv.o
                0x08009764                FATFS_LinkDriver
 *fill*         0x0800976e        0x2 
 .text.HAL_InitTick
                0x08009770       0x7c build/stm32f4xx_hal_timebase_TIM.o
                0x08009770                HAL_InitTick
 .text.I2Cx_MspInit
                0x080097ec       0x88 build/stm32f4_discovery.o
 .text.I2Cx_Init
                0x08009874       0x3c build/stm32f4_discovery.o
 .text.I2Cx_Error
                0x080098b0       0x14 build/stm32f4_discovery.o
 .text.I2Cx_WriteData
                0x080098c4       0x38 build/stm32f4_discovery.o
 .text.I2Cx_ReadData
                0x080098fc       0x40 build/stm32f4_discovery.o
 .text.AUDIO_IO_Init
                0x0800993c       0x64 build/stm32f4_discovery.o
                0x0800993c                AUDIO_IO_Init
 .text.AUDIO_IO_DeInit
                0x080099a0        0x2 build/stm32f4_discovery.o
                0x080099a0                AUDIO_IO_DeInit
 .text.AUDIO_IO_Write
                0x080099a2        0x8 build/stm32f4_discovery.o
                0x080099a2                AUDIO_IO_Write
 .text.AUDIO_IO_Read
                0x080099aa        0x8 build/stm32f4_discovery.o
                0x080099aa                AUDIO_IO_Read
 *fill*         0x080099b2        0x2 
 .text.I2S3_Init
                0x080099b4       0x40 build/stm32f4_discovery_audio.o
 .text.BSP_AUDIO_OUT_Play
                0x080099f4       0x40 build/stm32f4_discovery_audio.o
                0x080099f4                BSP_AUDIO_OUT_Play
 .text.BSP_AUDIO_OUT_ChangeBuffer
                0x08009a34       0x14 build/stm32f4_discovery_audio.o
                0x08009a34                BSP_AUDIO_OUT_ChangeBuffer
 .text.BSP_AUDIO_OUT_Stop
                0x08009a48       0x44 build/stm32f4_discovery_audio.o
                0x08009a48                BSP_AUDIO_OUT_Stop
 .text.BSP_AUDIO_OUT_ClockConfig
                0x08009a8c       0x6c build/stm32f4_discovery_audio.o
                0x08009a8c                BSP_AUDIO_OUT_ClockConfig
 .text.BSP_AUDIO_OUT_MspInit
                0x08009af8      0x11c build/stm32f4_discovery_audio.o
                0x08009af8                BSP_AUDIO_OUT_MspInit
 .text.BSP_AUDIO_OUT_Init
                0x08009c14       0x80 build/stm32f4_discovery_audio.o
                0x08009c14                BSP_AUDIO_OUT_Init
 .text.HAL_I2S_TxCpltCallback
                0x08009c94       0x18 build/stm32f4_discovery_audio.o
                0x08009c94                HAL_I2S_TxCpltCallback
 .text.HAL_I2S_TxHalfCpltCallback
                0x08009cac       0x18 build/stm32f4_discovery_audio.o
                0x08009cac                HAL_I2S_TxHalfCpltCallback
 .text.BSP_AUDIO_IN_TransferComplete_CallBack
                0x08009cc4        0x2 build/stm32f4_discovery_audio.o
                0x08009cc4                BSP_AUDIO_IN_TransferComplete_CallBack
 .text.HAL_I2S_RxCpltCallback
                0x08009cc6        0x8 build/stm32f4_discovery_audio.o
                0x08009cc6                HAL_I2S_RxCpltCallback
 .text.BSP_AUDIO_IN_Error_Callback
                0x08009cce        0x2 build/stm32f4_discovery_audio.o
                0x08009cce                BSP_AUDIO_IN_Error_Callback
 .text.HAL_I2S_ErrorCallback
                0x08009cd0       0x2c build/stm32f4_discovery_audio.o
                0x08009cd0                HAL_I2S_ErrorCallback
 .text.I2C_IsAcknowledgeFailed
                0x08009cfc       0x2a build/stm32f4xx_hal_i2c.o
 .text.I2C_WaitOnFlagUntilTimeout
                0x08009d26       0x68 build/stm32f4xx_hal_i2c.o
 .text.I2C_WaitOnMasterAddressFlagUntilTimeout
                0x08009d8e       0x90 build/stm32f4xx_hal_i2c.o
 .text.I2C_WaitOnTXEFlagUntilTimeout
                0x08009e1e       0x4e build/stm32f4xx_hal_i2c.o
 .text.I2C_RequestMemoryWrite
                0x08009e6c       0xd4 build/stm32f4xx_hal_i2c.o
 .text.I2C_RequestMemoryRead
                0x08009f40      0x148 build/stm32f4xx_hal_i2c.o
 .text.I2C_WaitOnBTFFlagUntilTimeout
                0x0800a088       0x4e build/stm32f4xx_hal_i2c.o
 .text.I2C_WaitOnRXNEFlagUntilTimeout
                0x0800a0d6       0x5c build/stm32f4xx_hal_i2c.o
 .text.HAL_I2C_MspInit
                0x0800a132        0x2 build/stm32f4xx_hal_i2c.o
                0x0800a132                HAL_I2C_MspInit
 .text.HAL_I2C_Init
                0x0800a134      0x11c build/stm32f4xx_hal_i2c.o
                0x0800a134                HAL_I2C_Init
 .text.HAL_I2C_MspDeInit
                0x0800a250        0x2 build/stm32f4xx_hal_i2c.o
                0x0800a250                HAL_I2C_MspDeInit
 .text.HAL_I2C_DeInit
                0x0800a252       0x32 build/stm32f4xx_hal_i2c.o
                0x0800a252                HAL_I2C_DeInit
 .text.HAL_I2C_Mem_Write
                0x0800a284      0x17c build/stm32f4xx_hal_i2c.o
                0x0800a284                HAL_I2C_Mem_Write
 .text.HAL_I2C_Mem_Read
                0x0800a400      0x2f4 build/stm32f4xx_hal_i2c.o
                0x0800a400                HAL_I2C_Mem_Read
 .text.HAL_I2C_GetState
                0x0800a6f4        0x6 build/stm32f4xx_hal_i2c.o
                0x0800a6f4                HAL_I2C_GetState
 .text.cs43l22_SetFrequency
                0x0800a6fa        0x4 build/cs43l22.o
                0x0800a6fa                cs43l22_SetFrequency
 .text.cs43l22_Reset
                0x0800a6fe        0x4 build/cs43l22.o
                0x0800a6fe                cs43l22_Reset
 .text.CODEC_IO_Write
                0x0800a702        0xa build/cs43l22.o
 .text.cs43l22_SetVolume
                0x0800a70c       0x64 build/cs43l22.o
                0x0800a70c                cs43l22_SetVolume
 .text.cs43l22_Init
                0x0800a770       0xf8 build/cs43l22.o
                0x0800a770                cs43l22_Init
 .text.cs43l22_SetMute
                0x0800a868       0x5c build/cs43l22.o
                0x0800a868                cs43l22_SetMute
 .text.cs43l22_Play
                0x0800a8c4       0x40 build/cs43l22.o
                0x0800a8c4                cs43l22_Play
 .text.cs43l22_Pause
                0x0800a904       0x1a build/cs43l22.o
                0x0800a904                cs43l22_Pause
 *fill*         0x0800a91e        0x2 
 .text.cs43l22_Resume
                0x0800a920       0x48 build/cs43l22.o
                0x0800a920                cs43l22_Resume
 .text.cs43l22_Stop
                0x0800a968       0x34 build/cs43l22.o
                0x0800a968                cs43l22_Stop
 .text.cs43l22_SetOutputMode
                0x0800a99c       0x70 build/cs43l22.o
                0x0800a99c                cs43l22_SetOutputMode
 .text.cs43l22_DeInit
                0x0800aa0c        0x8 build/cs43l22.o
                0x0800aa0c                cs43l22_DeInit
 .text.cs43l22_ReadID
                0x0800aa14       0x16 build/cs43l22.o
                0x0800aa14                cs43l22_ReadID
 *fill*         0x0800aa2a        0x2 
 .text.Reset_Handler
                0x0800aa2c       0x50 build/startup_stm32f407xx.o
                0x0800aa2c                Reset_Handler
 .text.Default_Handler
                0x0800aa7c        0x2 build/startup_stm32f407xx.o
                0x0800aa7c                RTC_Alarm_IRQHandler
                0x0800aa7c                HASH_RNG_IRQHandler
                0x0800aa7c                EXTI2_IRQHandler
                0x0800aa7c                TIM8_CC_IRQHandler
                0x0800aa7c                DebugMon_Handler
                0x0800aa7c                TIM1_CC_IRQHandler
                0x0800aa7c                DMA2_Stream5_IRQHandler
                0x0800aa7c                HardFault_Handler
                0x0800aa7c                DMA1_Stream5_IRQHandler
                0x0800aa7c                PVD_IRQHandler
                0x0800aa7c                SDIO_IRQHandler
                0x0800aa7c                TAMP_STAMP_IRQHandler
                0x0800aa7c                NMI_Handler
                0x0800aa7c                CAN2_RX1_IRQHandler
                0x0800aa7c                EXTI3_IRQHandler
                0x0800aa7c                TIM8_TRG_COM_TIM14_IRQHandler
                0x0800aa7c                TIM1_UP_TIM10_IRQHandler
                0x0800aa7c                I2C3_ER_IRQHandler
                0x0800aa7c                EXTI0_IRQHandler
                0x0800aa7c                I2C2_EV_IRQHandler
                0x0800aa7c                DMA1_Stream2_IRQHandler
                0x0800aa7c                CAN1_RX0_IRQHandler
                0x0800aa7c                FPU_IRQHandler
                0x0800aa7c                OTG_HS_WKUP_IRQHandler
                0x0800aa7c                UsageFault_Handler
                0x0800aa7c                CAN2_SCE_IRQHandler
                0x0800aa7c                DMA2_Stream2_IRQHandler
                0x0800aa7c                SPI1_IRQHandler
                0x0800aa7c                TIM6_DAC_IRQHandler
                0x0800aa7c                TIM1_BRK_TIM9_IRQHandler
                0x0800aa7c                DCMI_IRQHandler
                0x0800aa7c                CAN2_RX0_IRQHandler
                0x0800aa7c                DMA2_Stream3_IRQHandler
                0x0800aa7c                USART6_IRQHandler
                0x0800aa7c                USART3_IRQHandler
                0x0800aa7c                CAN1_RX1_IRQHandler
                0x0800aa7c                UART5_IRQHandler
                0x0800aa7c                DMA2_Stream0_IRQHandler
                0x0800aa7c                TIM4_IRQHandler
                0x0800aa7c                I2C1_EV_IRQHandler
                0x0800aa7c                DMA1_Stream6_IRQHandler
                0x0800aa7c                DMA1_Stream1_IRQHandler
                0x0800aa7c                UART4_IRQHandler
                0x0800aa7c                TIM3_IRQHandler
                0x0800aa7c                RCC_IRQHandler
                0x0800aa7c                TIM8_BRK_TIM12_IRQHandler
                0x0800aa7c                Default_Handler
                0x0800aa7c                EXTI15_10_IRQHandler
                0x0800aa7c                ADC_IRQHandler
                0x0800aa7c                TIM7_IRQHandler
                0x0800aa7c                CAN2_TX_IRQHandler
                0x0800aa7c                TIM5_IRQHandler
                0x0800aa7c                DMA2_Stream7_IRQHandler
                0x0800aa7c                I2C3_EV_IRQHandler
                0x0800aa7c                EXTI9_5_IRQHandler
                0x0800aa7c                RTC_WKUP_IRQHandler
                0x0800aa7c                ETH_WKUP_IRQHandler
                0x0800aa7c                SPI2_IRQHandler
                0x0800aa7c                OTG_HS_EP1_IN_IRQHandler
                0x0800aa7c                MemManage_Handler
                0x0800aa7c                DMA1_Stream0_IRQHandler
                0x0800aa7c                CAN1_TX_IRQHandler
                0x0800aa7c                EXTI4_IRQHandler
                0x0800aa7c                FSMC_IRQHandler
                0x0800aa7c                ETH_IRQHandler
                0x0800aa7c                OTG_HS_EP1_OUT_IRQHandler
                0x0800aa7c                WWDG_IRQHandler
                0x0800aa7c                TIM2_IRQHandler
                0x0800aa7c                OTG_FS_WKUP_IRQHandler
                0x0800aa7c                TIM1_TRG_COM_TIM11_IRQHandler
                0x0800aa7c                OTG_HS_IRQHandler
                0x0800aa7c                EXTI1_IRQHandler
                0x0800aa7c                USART2_IRQHandler
                0x0800aa7c                I2C2_ER_IRQHandler
                0x0800aa7c                DMA2_Stream1_IRQHandler
                0x0800aa7c                CAN1_SCE_IRQHandler
                0x0800aa7c                FLASH_IRQHandler
                0x0800aa7c                DMA2_Stream4_IRQHandler
                0x0800aa7c                BusFault_Handler
                0x0800aa7c                USART1_IRQHandler
                0x0800aa7c                SPI3_IRQHandler
                0x0800aa7c                DMA1_Stream4_IRQHandler
                0x0800aa7c                I2C1_ER_IRQHandler
                0x0800aa7c                DMA2_Stream6_IRQHandler
                0x0800aa7c                DMA1_Stream3_IRQHandler
 *fill*         0x0800aa7e        0x2 
 .text.__libc_init_array
                0x0800aa80       0x48 c:/gcc_toolchain/6_2017-q1-update/bin/../lib/gcc/arm-none-eabi/6.3.1/../../../../arm-none-eabi/lib/thumb/v7e-m/fpv4-sp/hard\libc_nano.a(lib_a-init.o)
                0x0800aa80                __libc_init_array
 .text.malloc   0x0800aac8       0x10 c:/gcc_toolchain/6_2017-q1-update/bin/../lib/gcc/arm-none-eabi/6.3.1/../../../../arm-none-eabi/lib/thumb/v7e-m/fpv4-sp/hard\libc_nano.a(lib_a-malloc.o)
                0x0800aac8                malloc
 .text.free     0x0800aad8       0x10 c:/gcc_toolchain/6_2017-q1-update/bin/../lib/gcc/arm-none-eabi/6.3.1/../../../../arm-none-eabi/lib/thumb/v7e-m/fpv4-sp/hard\libc_nano.a(lib_a-malloc.o)
                0x0800aad8                free
 .text.memcpy   0x0800aae8       0x16 c:/gcc_toolchain/6_2017-q1-update/bin/../lib/gcc/arm-none-eabi/6.3.1/../../../../arm-none-eabi/lib/thumb/v7e-m/fpv4-sp/hard\libc_nano.a(lib_a-memcpy-stub.o)
                0x0800aae8                memcpy
 .text.memset   0x0800aafe       0x10 c:/gcc_toolchain/6_2017-q1-update/bin/../lib/gcc/arm-none-eabi/6.3.1/../../../../arm-none-eabi/lib/thumb/v7e-m/fpv4-sp/hard\libc_nano.a(lib_a-memset.o)
                0x0800aafe                memset
 *fill*         0x0800ab0e        0x2 
 .text._free_r  0x0800ab10       0x9c c:/gcc_toolchain/6_2017-q1-update/bin/../lib/gcc/arm-none-eabi/6.3.1/../../../../arm-none-eabi/lib/thumb/v7e-m/fpv4-sp/hard\libc_nano.a(lib_a-nano-freer.o)
                0x0800ab10                _free_r
 .text._malloc_r
                0x0800abac       0xbc c:/gcc_toolchain/6_2017-q1-update/bin/../lib/gcc/arm-none-eabi/6.3.1/../../../../arm-none-eabi/lib/thumb/v7e-m/fpv4-sp/hard\libc_nano.a(lib_a-nano-mallocr.o)
                0x0800abac                _malloc_r
 .text._puts_r  0x0800ac68       0xb8 c:/gcc_toolchain/6_2017-q1-update/bin/../lib/gcc/arm-none-eabi/6.3.1/../../../../arm-none-eabi/lib/thumb/v7e-m/fpv4-sp/hard\libc_nano.a(lib_a-puts.o)
                0x0800ac68                _puts_r
 .text.puts     0x0800ad20       0x10 c:/gcc_toolchain/6_2017-q1-update/bin/../lib/gcc/arm-none-eabi/6.3.1/../../../../arm-none-eabi/lib/thumb/v7e-m/fpv4-sp/hard\libc_nano.a(lib_a-puts.o)
                0x0800ad20                puts
 .text._sbrk_r  0x0800ad30       0x20 c:/gcc_toolchain/6_2017-q1-update/bin/../lib/gcc/arm-none-eabi/6.3.1/../../../../arm-none-eabi/lib/thumb/v7e-m/fpv4-sp/hard\libc_nano.a(lib_a-sbrkr.o)
                0x0800ad30                _sbrk_r
 .text.strrchr  0x0800ad50       0x26 c:/gcc_toolchain/6_2017-q1-update/bin/../lib/gcc/arm-none-eabi/6.3.1/../../../../arm-none-eabi/lib/thumb/v7e-m/fpv4-sp/hard\libc_nano.a(lib_a-strrchr.o)
                0x0800ad50                strrchr
 *fill*         0x0800ad76        0x2 
 .text.__swbuf_r
                0x0800ad78       0xa4 c:/gcc_toolchain/6_2017-q1-update/bin/../lib/gcc/arm-none-eabi/6.3.1/../../../../arm-none-eabi/lib/thumb/v7e-m/fpv4-sp/hard\libc_nano.a(lib_a-wbuf.o)
                0x0800ad78                __swbuf_r
 .text.__swsetup_r
                0x0800ae1c       0xdc c:/gcc_toolchain/6_2017-q1-update/bin/../lib/gcc/arm-none-eabi/6.3.1/../../../../arm-none-eabi/lib/thumb/v7e-m/fpv4-sp/hard\libc_nano.a(lib_a-wsetup.o)
                0x0800ae1c                __swsetup_r
 .text.__sflush_r
                0x0800aef8      0x110 c:/gcc_toolchain/6_2017-q1-update/bin/../lib/gcc/arm-none-eabi/6.3.1/../../../../arm-none-eabi/lib/thumb/v7e-m/fpv4-sp/hard\libc_nano.a(lib_a-fflush.o)
                0x0800aef8                __sflush_r
 .text._fflush_r
                0x0800b008       0x54 c:/gcc_toolchain/6_2017-q1-update/bin/../lib/gcc/arm-none-eabi/6.3.1/../../../../arm-none-eabi/lib/thumb/v7e-m/fpv4-sp/hard\libc_nano.a(lib_a-fflush.o)
                0x0800b008                _fflush_r
 .text._cleanup_r
                0x0800b05c        0xc c:/gcc_toolchain/6_2017-q1-update/bin/../lib/gcc/arm-none-eabi/6.3.1/../../../../arm-none-eabi/lib/thumb/v7e-m/fpv4-sp/hard\libc_nano.a(lib_a-findfp.o)
                0x0800b05c                _cleanup_r
 .text.std.isra.0
                0x0800b068       0x48 c:/gcc_toolchain/6_2017-q1-update/bin/../lib/gcc/arm-none-eabi/6.3.1/../../../../arm-none-eabi/lib/thumb/v7e-m/fpv4-sp/hard\libc_nano.a(lib_a-findfp.o)
 .text.__sfmoreglue
                0x0800b0b0       0x2c c:/gcc_toolchain/6_2017-q1-update/bin/../lib/gcc/arm-none-eabi/6.3.1/../../../../arm-none-eabi/lib/thumb/v7e-m/fpv4-sp/hard\libc_nano.a(lib_a-findfp.o)
                0x0800b0b0                __sfmoreglue
 .text.__sinit  0x0800b0dc       0x60 c:/gcc_toolchain/6_2017-q1-update/bin/../lib/gcc/arm-none-eabi/6.3.1/../../../../arm-none-eabi/lib/thumb/v7e-m/fpv4-sp/hard\libc_nano.a(lib_a-findfp.o)
                0x0800b0dc                __sinit
 .text.__sfp    0x0800b13c       0x78 c:/gcc_toolchain/6_2017-q1-update/bin/../lib/gcc/arm-none-eabi/6.3.1/../../../../arm-none-eabi/lib/thumb/v7e-m/fpv4-sp/hard\libc_nano.a(lib_a-findfp.o)
                0x0800b13c                __sfp
 .text._fwalk_reent
                0x0800b1b4       0x3c c:/gcc_toolchain/6_2017-q1-update/bin/../lib/gcc/arm-none-eabi/6.3.1/../../../../arm-none-eabi/lib/thumb/v7e-m/fpv4-sp/hard\libc_nano.a(lib_a-fwalk.o)
                0x0800b1b4                _fwalk_reent
 .text.__swhatbuf_r
                0x0800b1f0       0x48 c:/gcc_toolchain/6_2017-q1-update/bin/../lib/gcc/arm-none-eabi/6.3.1/../../../../arm-none-eabi/lib/thumb/v7e-m/fpv4-sp/hard\libc_nano.a(lib_a-makebuf.o)
                0x0800b1f0                __swhatbuf_r
 .text.__smakebuf_r
                0x0800b238       0x80 c:/gcc_toolchain/6_2017-q1-update/bin/../lib/gcc/arm-none-eabi/6.3.1/../../../../arm-none-eabi/lib/thumb/v7e-m/fpv4-sp/hard\libc_nano.a(lib_a-makebuf.o)
                0x0800b238                __smakebuf_r
 .text.__malloc_lock
                0x0800b2b8        0x2 c:/gcc_toolchain/6_2017-q1-update/bin/../lib/gcc/arm-none-eabi/6.3.1/../../../../arm-none-eabi/lib/thumb/v7e-m/fpv4-sp/hard\libc_nano.a(lib_a-mlock.o)
                0x0800b2b8                __malloc_lock
 .text.__malloc_unlock
                0x0800b2ba        0x2 c:/gcc_toolchain/6_2017-q1-update/bin/../lib/gcc/arm-none-eabi/6.3.1/../../../../arm-none-eabi/lib/thumb/v7e-m/fpv4-sp/hard\libc_nano.a(lib_a-mlock.o)
                0x0800b2ba                __malloc_unlock
 .text.__sread  0x0800b2bc       0x22 c:/gcc_toolchain/6_2017-q1-update/bin/../lib/gcc/arm-none-eabi/6.3.1/../../../../arm-none-eabi/lib/thumb/v7e-m/fpv4-sp/hard\libc_nano.a(lib_a-stdio.o)
                0x0800b2bc                __sread
 .text.__swrite
                0x0800b2de       0x38 c:/gcc_toolchain/6_2017-q1-update/bin/../lib/gcc/arm-none-eabi/6.3.1/../../../../arm-none-eabi/lib/thumb/v7e-m/fpv4-sp/hard\libc_nano.a(lib_a-stdio.o)
                0x0800b2de                __swrite
 .text.__sseek  0x0800b316       0x24 c:/gcc_toolchain/6_2017-q1-update/bin/../lib/gcc/arm-none-eabi/6.3.1/../../../../arm-none-eabi/lib/thumb/v7e-m/fpv4-sp/hard\libc_nano.a(lib_a-stdio.o)
                0x0800b316                __sseek
 .text.__sclose
                0x0800b33a        0x8 c:/gcc_toolchain/6_2017-q1-update/bin/../lib/gcc/arm-none-eabi/6.3.1/../../../../arm-none-eabi/lib/thumb/v7e-m/fpv4-sp/hard\libc_nano.a(lib_a-stdio.o)
                0x0800b33a                __sclose
 .text.strchr   0x0800b342       0x1c c:/gcc_toolchain/6_2017-q1-update/bin/../lib/gcc/arm-none-eabi/6.3.1/../../../../arm-none-eabi/lib/thumb/v7e-m/fpv4-sp/hard\libc_nano.a(lib_a-strchr.o)
                0x0800b342                strchr
 *fill*         0x0800b35e        0x2 
 .text._close_r
                0x0800b360       0x20 c:/gcc_toolchain/6_2017-q1-update/bin/../lib/gcc/arm-none-eabi/6.3.1/../../../../arm-none-eabi/lib/thumb/v7e-m/fpv4-sp/hard\libc_nano.a(lib_a-closer.o)
                0x0800b360                _close_r
 .text._fstat_r
                0x0800b380       0x24 c:/gcc_toolchain/6_2017-q1-update/bin/../lib/gcc/arm-none-eabi/6.3.1/../../../../arm-none-eabi/lib/thumb/v7e-m/fpv4-sp/hard\libc_nano.a(lib_a-fstatr.o)
                0x0800b380                _fstat_r
 .text._isatty_r
                0x0800b3a4       0x20 c:/gcc_toolchain/6_2017-q1-update/bin/../lib/gcc/arm-none-eabi/6.3.1/../../../../arm-none-eabi/lib/thumb/v7e-m/fpv4-sp/hard\libc_nano.a(lib_a-isattyr.o)
                0x0800b3a4                _isatty_r
 .text._lseek_r
                0x0800b3c4       0x24 c:/gcc_toolchain/6_2017-q1-update/bin/../lib/gcc/arm-none-eabi/6.3.1/../../../../arm-none-eabi/lib/thumb/v7e-m/fpv4-sp/hard\libc_nano.a(lib_a-lseekr.o)
                0x0800b3c4                _lseek_r
 .text._read_r  0x0800b3e8       0x24 c:/gcc_toolchain/6_2017-q1-update/bin/../lib/gcc/arm-none-eabi/6.3.1/../../../../arm-none-eabi/lib/thumb/v7e-m/fpv4-sp/hard\libc_nano.a(lib_a-readr.o)
                0x0800b3e8                _read_r
 .text._close   0x0800b40c       0x10 c:/gcc_toolchain/6_2017-q1-update/bin/../lib/gcc/arm-none-eabi/6.3.1/../../../../arm-none-eabi/lib/thumb/v7e-m/fpv4-sp/hard\libnosys.a(close.o)
                0x0800b40c                _close
 .text._fstat   0x0800b41c       0x10 c:/gcc_toolchain/6_2017-q1-update/bin/../lib/gcc/arm-none-eabi/6.3.1/../../../../arm-none-eabi/lib/thumb/v7e-m/fpv4-sp/hard\libnosys.a(fstat.o)
                0x0800b41c                _fstat
 .text._isatty  0x0800b42c       0x10 c:/gcc_toolchain/6_2017-q1-update/bin/../lib/gcc/arm-none-eabi/6.3.1/../../../../arm-none-eabi/lib/thumb/v7e-m/fpv4-sp/hard\libnosys.a(isatty.o)
                0x0800b42c                _isatty
 .text._lseek   0x0800b43c       0x10 c:/gcc_toolchain/6_2017-q1-update/bin/../lib/gcc/arm-none-eabi/6.3.1/../../../../arm-none-eabi/lib/thumb/v7e-m/fpv4-sp/hard\libnosys.a(lseek.o)
                0x0800b43c                _lseek
 .text._read    0x0800b44c       0x10 c:/gcc_toolchain/6_2017-q1-update/bin/../lib/gcc/arm-none-eabi/6.3.1/../../../../arm-none-eabi/lib/thumb/v7e-m/fpv4-sp/hard\libnosys.a(read.o)
                0x0800b44c                _read
 .text._sbrk    0x0800b45c       0x1c c:/gcc_toolchain/6_2017-q1-update/bin/../lib/gcc/arm-none-eabi/6.3.1/../../../../arm-none-eabi/lib/thumb/v7e-m/fpv4-sp/hard\libnosys.a(sbrk.o)
                0x0800b45c                _sbrk
 *(.glue_7)
 .glue_7        0x0800b478        0x0 linker stubs
 *(.glue_7t)
 .glue_7t       0x0800b478        0x0 linker stubs
 *(.eh_frame)
 .eh_frame      0x0800b478        0x0 c:/gcc_toolchain/6_2017-q1-update/bin/../lib/gcc/arm-none-eabi/6.3.1/thumb/v7e-m/fpv4-sp/hard/crtbegin.o
 *(.init)
 .init          0x0800b478        0x4 c:/gcc_toolchain/6_2017-q1-update/bin/../lib/gcc/arm-none-eabi/6.3.1/thumb/v7e-m/fpv4-sp/hard/crti.o
                0x0800b478                _init
 .init          0x0800b47c        0x8 c:/gcc_toolchain/6_2017-q1-update/bin/../lib/gcc/arm-none-eabi/6.3.1/thumb/v7e-m/fpv4-sp/hard/crtn.o
 *(.fini)
 .fini          0x0800b484        0x4 c:/gcc_toolchain/6_2017-q1-update/bin/../lib/gcc/arm-none-eabi/6.3.1/thumb/v7e-m/fpv4-sp/hard/crti.o
                0x0800b484                _fini
 .fini          0x0800b488        0x8 c:/gcc_toolchain/6_2017-q1-update/bin/../lib/gcc/arm-none-eabi/6.3.1/thumb/v7e-m/fpv4-sp/hard/crtn.o
                0x0800b490                . = ALIGN (0x4)
                0x0800b490                _etext = .

.vfp11_veneer   0x0800b490        0x0
 .vfp11_veneer  0x0800b490        0x0 linker stubs

.v4_bx          0x0800b490        0x0
 .v4_bx         0x0800b490        0x0 linker stubs

.iplt           0x0800b490        0x0
 .iplt          0x0800b490        0x0 c:/gcc_toolchain/6_2017-q1-update/bin/../lib/gcc/arm-none-eabi/6.3.1/thumb/v7e-m/fpv4-sp/hard/crtbegin.o

.rodata         0x0800b490      0x290
                0x0800b490                . = ALIGN (0x4)
 *(.rodata)
 .rodata        0x0800b490       0x14 build/main.o
 .rodata        0x0800b4a4       0x1c build/usbh_core.o
 *(.rodata*)
 .rodata.USBH_Driver
                0x0800b4c0       0x14 build/usbh_diskio.o
                0x0800b4c0                USBH_Driver
 .rodata.MX_USART2_UART_Init.str1.4
                0x0800b4d4        0xb build/main.o
 *fill*         0x0800b4df        0x1 
 .rodata.StartDefaultTask.str1.4
                0x0800b4e0       0x3c build/main.o
 .rodata.WavePlayBack.str1.4
                0x0800b51c       0x45 build/main.o
 *fill*         0x0800b561        0x3 
 .rodata.WavePlayerStart.str1.4
                0x0800b564       0x10 build/main.o
 .rodata.get_filename_ext.str1.4
                0x0800b574       0x10 build/main.o
                                  0x1 (size before relaxing)
 .rodata.play_directory.str1.4
                0x0800b574        0x4 build/main.o
 .rodata.str1.4
                0x0800b578        0xc build/main.o
 .rodata.str1.4
                0x0800b584        0x4 build/usbh_msc.o
 .rodata.USBH_LL_Init.str1.4
                0x0800b588       0x10 build/usbh_conf.o
 .rodata.str1.4
                0x0800b598        0xc build/usbh_core.o
 .rodata.flagBitshiftOffset.9598
                0x0800b5a4        0x8 build/stm32f4xx_hal_dma.o
 .rodata.vTaskStartScheduler.str1.4
                0x0800b5ac        0x5 build/tasks.o
 *fill*         0x0800b5b1        0x3 
 .rodata.AHBPrescTable
                0x0800b5b4       0x10 build/system_stm32f4xx.o
                0x0800b5b4                AHBPrescTable
 .rodata.APBPrescTable
                0x0800b5c4        0x8 build/system_stm32f4xx.o
                0x0800b5c4                APBPrescTable
 .rodata.ExCvt  0x0800b5cc       0x80 build/ff.o
 .rodata.create_name.str1.4
                0x0800b64c       0x10 build/ff.o
                                  0xf (size before relaxing)
 .rodata.I2SFreq
                0x0800b65c       0x20 build/stm32f4_discovery_audio.o
                0x0800b65c                I2SFreq
 .rodata.I2SPLLN
                0x0800b67c       0x20 build/stm32f4_discovery_audio.o
                0x0800b67c                I2SPLLN
 .rodata.I2SPLLR
                0x0800b69c       0x20 build/stm32f4_discovery_audio.o
                0x0800b69c                I2SPLLR
 .rodata._global_impure_ptr
                0x0800b6bc        0x4 c:/gcc_toolchain/6_2017-q1-update/bin/../lib/gcc/arm-none-eabi/6.3.1/../../../../arm-none-eabi/lib/thumb/v7e-m/fpv4-sp/hard\libc_nano.a(lib_a-impure.o)
                0x0800b6bc                _global_impure_ptr
 .rodata.__sf_fake_stderr
                0x0800b6c0       0x20 c:/gcc_toolchain/6_2017-q1-update/bin/../lib/gcc/arm-none-eabi/6.3.1/../../../../arm-none-eabi/lib/thumb/v7e-m/fpv4-sp/hard\libc_nano.a(lib_a-findfp.o)
                0x0800b6c0                __sf_fake_stderr
 .rodata.__sf_fake_stdin
                0x0800b6e0       0x20 c:/gcc_toolchain/6_2017-q1-update/bin/../lib/gcc/arm-none-eabi/6.3.1/../../../../arm-none-eabi/lib/thumb/v7e-m/fpv4-sp/hard\libc_nano.a(lib_a-findfp.o)
                0x0800b6e0                __sf_fake_stdin
 .rodata.__sf_fake_stdout
                0x0800b700       0x20 c:/gcc_toolchain/6_2017-q1-update/bin/../lib/gcc/arm-none-eabi/6.3.1/../../../../arm-none-eabi/lib/thumb/v7e-m/fpv4-sp/hard\libc_nano.a(lib_a-findfp.o)
                0x0800b700                __sf_fake_stdout
                0x0800b720                . = ALIGN (0x4)

.rel.dyn        0x0800b720        0x0
 .rel.iplt      0x0800b720        0x0 c:/gcc_toolchain/6_2017-q1-update/bin/../lib/gcc/arm-none-eabi/6.3.1/thumb/v7e-m/fpv4-sp/hard/crtbegin.o

.ARM.extab
 *(.ARM.extab* .gnu.linkonce.armextab.*)

.ARM            0x0800b720        0x0
                0x0800b720                __exidx_start = .
 *(.ARM.exidx*)
                0x0800b720                __exidx_end = .

.preinit_array  0x0800b720        0x0
                0x0800b720                PROVIDE (__preinit_array_start, .)
 *(.preinit_array*)
                0x0800b720                PROVIDE (__preinit_array_end, .)

.init_array     0x0800b720        0x4
                0x0800b720                PROVIDE (__init_array_start, .)
 *(SORT(.init_array.*))
 *(.init_array*)
 .init_array    0x0800b720        0x4 c:/gcc_toolchain/6_2017-q1-update/bin/../lib/gcc/arm-none-eabi/6.3.1/thumb/v7e-m/fpv4-sp/hard/crtbegin.o
                0x0800b724                PROVIDE (__init_array_end, .)

.fini_array     0x0800b724        0x4
                [!provide]                PROVIDE (__fini_array_start, .)
 *(SORT(.fini_array.*))
 *(.fini_array*)
 .fini_array    0x0800b724        0x4 c:/gcc_toolchain/6_2017-q1-update/bin/../lib/gcc/arm-none-eabi/6.3.1/thumb/v7e-m/fpv4-sp/hard/crtbegin.o
                [!provide]                PROVIDE (__fini_array_end, .)
                0x0800b728                _sidata = LOADADDR (.data)

.data           0x20000000       0xc4 load address 0x0800b728
                0x20000000                . = ALIGN (0x4)
                0x20000000                _sdata = .
 *(.data)
 *(.data*)
 .data.USBH_msc
                0x20000000       0x20 build/usbh_msc.o
                0x20000000                USBH_msc
 .data.uxCriticalNesting
                0x20000020        0x4 build/port.o
 .data.SystemCoreClock
                0x20000024        0x4 build/system_stm32f4xx.o
                0x20000024                SystemCoreClock
 .data.I2cxTimeout
                0x20000028        0x4 build/stm32f4_discovery.o
                0x20000028                I2cxTimeout
 .data.Is_cs43l22_Stop
                0x2000002c        0x1 build/cs43l22.o
 *fill*         0x2000002d        0x3 
 .data.cs43l22_drv
                0x20000030       0x30 build/cs43l22.o
                0x20000030                cs43l22_drv
 .data._impure_ptr
                0x20000060        0x4 c:/gcc_toolchain/6_2017-q1-update/bin/../lib/gcc/arm-none-eabi/6.3.1/../../../../arm-none-eabi/lib/thumb/v7e-m/fpv4-sp/hard\libc_nano.a(lib_a-impure.o)
                0x20000060                _impure_ptr
 .data.impure_data
                0x20000064       0x60 c:/gcc_toolchain/6_2017-q1-update/bin/../lib/gcc/arm-none-eabi/6.3.1/../../../../arm-none-eabi/lib/thumb/v7e-m/fpv4-sp/hard\libc_nano.a(lib_a-impure.o)
                0x200000c4                . = ALIGN (0x4)
                0x200000c4                _edata = .
                0x0800b7ec                _siccmram = LOADADDR (.ccmram)

.jcr            0x200000c4        0x0 load address 0x0800b7ec
 .jcr           0x200000c4        0x0 c:/gcc_toolchain/6_2017-q1-update/bin/../lib/gcc/arm-none-eabi/6.3.1/thumb/v7e-m/fpv4-sp/hard/crtbegin.o

.igot.plt       0x200000c4        0x0 load address 0x0800b7ec
 .igot.plt      0x200000c4        0x0 c:/gcc_toolchain/6_2017-q1-update/bin/../lib/gcc/arm-none-eabi/6.3.1/thumb/v7e-m/fpv4-sp/hard/crtbegin.o

.ccmram         0x10000000        0x0 load address 0x0800b7ec
                0x10000000                . = ALIGN (0x4)
                0x10000000                _sccmram = .
 *(.ccmram)
 *(.ccmram*)
                0x10000000                . = ALIGN (0x4)
                0x10000000                _eccmram = .
                0x10000000                . = ALIGN (0x4)

.bss            0x200000c4     0x5b48
                0x200000c4                _sbss = .
                0x200000c4                __bss_start__ = _sbss
 *(.bss)
 .bss           0x200000c4       0x1c c:/gcc_toolchain/6_2017-q1-update/bin/../lib/gcc/arm-none-eabi/6.3.1/thumb/v7e-m/fpv4-sp/hard/crtbegin.o
 *(.bss*)
 .bss.AudioPlayStart
                0x200000e0        0x4 build/main.o
                0x200000e0                AudioPlayStart
 .bss.AudioRemSize
                0x200000e4        0x4 build/main.o
 .bss.WaveDataLength
                0x200000e8        0x4 build/main.o
 .bss.buffer_offset
                0x200000ec        0x1 build/main.o
                0x200000ec                buffer_offset
 *fill*         0x200000ed        0x3 
 .bss.pxEnd     0x200000f0        0x4 build/heap_4.o
 .bss.ucHeap    0x200000f4     0x3c00 build/heap_4.o
 .bss.xBlockAllocatedBit
                0x20003cf4        0x4 build/heap_4.o
 .bss.xFreeBytesRemaining
                0x20003cf8        0x4 build/heap_4.o
 .bss.xMinimumEverFreeBytesRemaining
                0x20003cfc        0x4 build/heap_4.o
 .bss.xStart    0x20003d00        0x8 build/heap_4.o
 .bss.pxCurrentTCB
                0x20003d08        0x4 build/tasks.o
                0x20003d08                pxCurrentTCB
 .bss.pxDelayedTaskList
                0x20003d0c        0x4 build/tasks.o
 .bss.pxOverflowDelayedTaskList
                0x20003d10        0x4 build/tasks.o
 .bss.pxReadyTasksLists
                0x20003d14       0x8c build/tasks.o
 .bss.uxCurrentNumberOfTasks
                0x20003da0        0x4 build/tasks.o
 .bss.uxDeletedTasksWaitingCleanUp
                0x20003da4        0x4 build/tasks.o
 .bss.uxPendedTicks
                0x20003da8        0x4 build/tasks.o
 .bss.uxSchedulerSuspended
                0x20003dac        0x4 build/tasks.o
 .bss.uxTaskNumber
                0x20003db0        0x4 build/tasks.o
 .bss.uxTopReadyPriority
                0x20003db4        0x4 build/tasks.o
 .bss.xDelayedTaskList1
                0x20003db8       0x14 build/tasks.o
 .bss.xDelayedTaskList2
                0x20003dcc       0x14 build/tasks.o
 .bss.xIdleTaskHandle
                0x20003de0        0x4 build/tasks.o
 .bss.xNextTaskUnblockTime
                0x20003de4        0x4 build/tasks.o
 .bss.xNumOfOverflows
                0x20003de8        0x4 build/tasks.o
 .bss.xPendingReadyList
                0x20003dec       0x14 build/tasks.o
 .bss.xSchedulerRunning
                0x20003e00        0x4 build/tasks.o
 .bss.xSuspendedTaskList
                0x20003e04       0x14 build/tasks.o
 .bss.xTasksWaitingTermination
                0x20003e18       0x14 build/tasks.o
 .bss.xTickCount
                0x20003e2c        0x4 build/tasks.o
 .bss.xYieldPending
                0x20003e30        0x4 build/tasks.o
 .bss.ucMaxSysCallPriority
                0x20003e34        0x1 build/port.o
 *fill*         0x20003e35        0x3 
 .bss.ulMaxPRIGROUPValue
                0x20003e38        0x4 build/port.o
 .bss.Appli_state
                0x20003e3c        0x1 build/usb_host.o
                0x20003e3c                Appli_state
 *fill*         0x20003e3d        0x3 
 .bss.FatFs     0x20003e40        0x4 build/ff.o
 .bss.Files     0x20003e44       0x18 build/ff.o
 .bss.Fsid      0x20003e5c        0x2 build/ff.o
 *fill*         0x20003e5e        0x2 
 .bss.disk      0x20003e60        0xc build/ff_gen_drv.o
                0x20003e60                disk
 .bss.I2cHandle
                0x20003e6c       0x54 build/stm32f4_discovery.o
 .bss.hdma_i2sTx.9774
                0x20003ec0       0x60 build/stm32f4_discovery_audio.o
 .bss.pAudioDrv
                0x20003f20        0x4 build/stm32f4_discovery_audio.o
 .bss.OutputDev
                0x20003f24        0x1 build/cs43l22.o
                0x20003f24                OutputDev
 *fill*         0x20003f25        0x3 
 .bss.__malloc_free_list
                0x20003f28        0x4 c:/gcc_toolchain/6_2017-q1-update/bin/../lib/gcc/arm-none-eabi/6.3.1/../../../../arm-none-eabi/lib/thumb/v7e-m/fpv4-sp/hard\libc_nano.a(lib_a-nano-mallocr.o)
                0x20003f28                __malloc_free_list
 .bss.__malloc_sbrk_start
                0x20003f2c        0x4 c:/gcc_toolchain/6_2017-q1-update/bin/../lib/gcc/arm-none-eabi/6.3.1/../../../../arm-none-eabi/lib/thumb/v7e-m/fpv4-sp/hard\libc_nano.a(lib_a-nano-mallocr.o)
                0x20003f2c                __malloc_sbrk_start
 .bss.heap_end.5239
                0x20003f30        0x4 c:/gcc_toolchain/6_2017-q1-update/bin/../lib/gcc/arm-none-eabi/6.3.1/../../../../arm-none-eabi/lib/thumb/v7e-m/fpv4-sp/hard\libnosys.a(sbrk.o)
 *(COMMON)
 COMMON         0x20003f34     0x1520 build/main.o
                0x20003f34                defaultTaskHandle
                0x20003f38                Audio_Buffer
                0x20004f38                Directory
                0x20005158                huart2
                0x20005198                FileRead
                0x200053c4                hi2s2
                0x2000540c                hi2s3
 COMMON         0x20005454        0x5 build/fatfs.o
                0x20005454                USBH_Path
                0x20005458                retUSBH
 *fill*         0x20005459        0x3 
 COMMON         0x2000545c      0x298 build/usbh_conf.o
                0x2000545c                hhcd_USB_OTG_FS
 COMMON         0x200056f4        0x4 build/stm32f4xx_hal.o
                0x200056f4                uwTick
 COMMON         0x200056f8       0x40 build/queue.o
                0x200056f8                xQueueRegistry
 COMMON         0x20005738      0x3d0 build/usb_host.o
                0x20005738                hUsbHostFS
 COMMON         0x20005b08       0x3c build/stm32f4xx_hal_timebase_TIM.o
                0x20005b08                htim13
 COMMON         0x20005b44       0xc4 build/stm32f4_discovery_audio.o
                0x20005b44                Filter
                0x20005b78                hAudioOutI2s
                0x20005bc0                hAudioInI2s
 COMMON         0x20005c08        0x4 c:/gcc_toolchain/6_2017-q1-update/bin/../lib/gcc/arm-none-eabi/6.3.1/../../../../arm-none-eabi/lib/thumb/v7e-m/fpv4-sp/hard\libc_nano.a(lib_a-reent.o)
                0x20005c08                errno
                0x20005c0c                . = ALIGN (0x4)
                0x20005c0c                _ebss = .
                0x20005c0c                __bss_end__ = _ebss

._user_heap_stack
                0x20005c0c      0x604
                0x20005c10                . = ALIGN (0x8)
 *fill*         0x20005c0c        0x4 
                0x20005c10                PROVIDE (end, .)
                [!provide]                PROVIDE (_end, .)
                0x20005e10                . = (. + _Min_Heap_Size)
 *fill*         0x20005c10      0x200 
                0x20006210                . = (. + _Min_Stack_Size)
 *fill*         0x20005e10      0x400 
                0x20006210                . = ALIGN (0x8)

/DISCARD/
 libc.a(*)
 libm.a(*)
 libgcc.a(*)

.ARM.attributes
                0x00000000       0x30
 *(.ARM.attributes)
 .ARM.attributes
                0x00000000       0x22 c:/gcc_toolchain/6_2017-q1-update/bin/../lib/gcc/arm-none-eabi/6.3.1/thumb/v7e-m/fpv4-sp/hard/crti.o
 .ARM.attributes
                0x00000022       0x34 c:/gcc_toolchain/6_2017-q1-update/bin/../lib/gcc/arm-none-eabi/6.3.1/thumb/v7e-m/fpv4-sp/hard/crtbegin.o
 .ARM.attributes
                0x00000056       0x39 build/usbh_ctlreq.o
 .ARM.attributes
                0x0000008f       0x39 build/usbh_msc_bot.o
 .ARM.attributes
                0x000000c8       0x39 build/usbh_diskio.o
 .ARM.attributes
                0x00000101       0x39 build/stm32f4xx_hal_cortex.o
 .ARM.attributes
                0x0000013a       0x39 build/stm32f4xx_ll_usb.o
 .ARM.attributes
                0x00000173       0x39 build/usbh_ioreq.o
 .ARM.attributes
                0x000001ac       0x39 build/main.o
 .ARM.attributes
                0x000001e5       0x39 build/stm32f4xx_hal_msp.o
 .ARM.attributes
                0x0000021e       0x39 build/fatfs.o
 .ARM.attributes
                0x00000257       0x39 build/stm32f4xx_hal_uart.o
 .ARM.attributes
                0x00000290       0x39 build/usbh_msc.o
 .ARM.attributes
                0x000002c9       0x39 build/usbh_conf.o
 .ARM.attributes
                0x00000302       0x39 build/heap_4.o
 .ARM.attributes
                0x0000033b       0x39 build/usbh_core.o
 .ARM.attributes
                0x00000374       0x39 build/list.o
 .ARM.attributes
                0x000003ad       0x39 build/stm32f4xx_hal_rcc_ex.o
 .ARM.attributes
                0x000003e6       0x39 build/stm32f4xx_hal.o
 .ARM.attributes
                0x0000041f       0x39 build/stm32f4xx_hal_rcc.o
 .ARM.attributes
                0x00000458       0x39 build/usbh_msc_scsi.o
 .ARM.attributes
                0x00000491       0x39 build/stm32f4xx_hal_dma.o
 .ARM.attributes
                0x000004ca       0x39 build/stm32f4xx_it.o
 .ARM.attributes
                0x00000503       0x39 build/diskio.o
 .ARM.attributes
                0x0000053c       0x39 build/syscall.o
 .ARM.attributes
                0x00000575       0x39 build/tasks.o
 .ARM.attributes
                0x000005ae       0x39 build/usbh_pipes.o
 .ARM.attributes
                0x000005e7       0x39 build/stm32f4xx_hal_hcd.o
 .ARM.attributes
                0x00000620       0x39 build/stm32f4xx_hal_i2s.o
 .ARM.attributes
                0x00000659       0x39 build/stm32f4xx_hal_i2s_ex.o
 .ARM.attributes
                0x00000692       0x39 build/queue.o
 .ARM.attributes
                0x000006cb       0x39 build/port.o
 .ARM.attributes
                0x00000704       0x39 build/system_stm32f4xx.o
 .ARM.attributes
                0x0000073d       0x39 build/cmsis_os.o
 .ARM.attributes
                0x00000776       0x39 build/stm32f4xx_hal_tim.o
 .ARM.attributes
                0x000007af       0x39 build/usb_host.o
 .ARM.attributes
                0x000007e8       0x39 build/stm32f4xx_hal_tim_ex.o
 .ARM.attributes
                0x00000821       0x39 build/ff.o
 .ARM.attributes
                0x0000085a       0x39 build/stm32f4xx_hal_gpio.o
 .ARM.attributes
                0x00000893       0x39 build/ff_gen_drv.o
 .ARM.attributes
                0x000008cc       0x39 build/stm32f4xx_hal_timebase_TIM.o
 .ARM.attributes
                0x00000905       0x39 build/stm32f4_discovery.o
 .ARM.attributes
                0x0000093e       0x39 build/stm32f4_discovery_audio.o
 .ARM.attributes
                0x00000977       0x39 build/stm32f4xx_hal_i2c.o
 .ARM.attributes
                0x000009b0       0x39 build/cs43l22.o
 .ARM.attributes
                0x000009e9       0x21 build/startup_stm32f407xx.o
 .ARM.attributes
                0x00000a0a       0x34 c:/gcc_toolchain/6_2017-q1-update/bin/../lib/gcc/arm-none-eabi/6.3.1/../../../../arm-none-eabi/lib/thumb/v7e-m/fpv4-sp/hard\libc_nano.a(lib_a-impure.o)
 .ARM.attributes
                0x00000a3e       0x34 c:/gcc_toolchain/6_2017-q1-update/bin/../lib/gcc/arm-none-eabi/6.3.1/../../../../arm-none-eabi/lib/thumb/v7e-m/fpv4-sp/hard\libc_nano.a(lib_a-init.o)
 .ARM.attributes
                0x00000a72       0x34 c:/gcc_toolchain/6_2017-q1-update/bin/../lib/gcc/arm-none-eabi/6.3.1/../../../../arm-none-eabi/lib/thumb/v7e-m/fpv4-sp/hard\libc_nano.a(lib_a-malloc.o)
 .ARM.attributes
                0x00000aa6       0x34 c:/gcc_toolchain/6_2017-q1-update/bin/../lib/gcc/arm-none-eabi/6.3.1/../../../../arm-none-eabi/lib/thumb/v7e-m/fpv4-sp/hard\libc_nano.a(lib_a-memcpy-stub.o)
 .ARM.attributes
                0x00000ada       0x34 c:/gcc_toolchain/6_2017-q1-update/bin/../lib/gcc/arm-none-eabi/6.3.1/../../../../arm-none-eabi/lib/thumb/v7e-m/fpv4-sp/hard\libc_nano.a(lib_a-memset.o)
 .ARM.attributes
                0x00000b0e       0x34 c:/gcc_toolchain/6_2017-q1-update/bin/../lib/gcc/arm-none-eabi/6.3.1/../../../../arm-none-eabi/lib/thumb/v7e-m/fpv4-sp/hard\libc_nano.a(lib_a-nano-freer.o)
 .ARM.attributes
                0x00000b42       0x34 c:/gcc_toolchain/6_2017-q1-update/bin/../lib/gcc/arm-none-eabi/6.3.1/../../../../arm-none-eabi/lib/thumb/v7e-m/fpv4-sp/hard\libc_nano.a(lib_a-nano-mallocr.o)
 .ARM.attributes
                0x00000b76       0x34 c:/gcc_toolchain/6_2017-q1-update/bin/../lib/gcc/arm-none-eabi/6.3.1/../../../../arm-none-eabi/lib/thumb/v7e-m/fpv4-sp/hard\libc_nano.a(lib_a-puts.o)
 .ARM.attributes
                0x00000baa       0x34 c:/gcc_toolchain/6_2017-q1-update/bin/../lib/gcc/arm-none-eabi/6.3.1/../../../../arm-none-eabi/lib/thumb/v7e-m/fpv4-sp/hard\libc_nano.a(lib_a-sbrkr.o)
 .ARM.attributes
                0x00000bde       0x20 c:/gcc_toolchain/6_2017-q1-update/bin/../lib/gcc/arm-none-eabi/6.3.1/../../../../arm-none-eabi/lib/thumb/v7e-m/fpv4-sp/hard\libc_nano.a(lib_a-strcmp.o)
 .ARM.attributes
                0x00000bfe       0x34 c:/gcc_toolchain/6_2017-q1-update/bin/../lib/gcc/arm-none-eabi/6.3.1/../../../../arm-none-eabi/lib/thumb/v7e-m/fpv4-sp/hard\libc_nano.a(lib_a-strrchr.o)
 .ARM.attributes
                0x00000c32       0x34 c:/gcc_toolchain/6_2017-q1-update/bin/../lib/gcc/arm-none-eabi/6.3.1/../../../../arm-none-eabi/lib/thumb/v7e-m/fpv4-sp/hard\libc_nano.a(lib_a-wbuf.o)
 .ARM.attributes
                0x00000c66       0x34 c:/gcc_toolchain/6_2017-q1-update/bin/../lib/gcc/arm-none-eabi/6.3.1/../../../../arm-none-eabi/lib/thumb/v7e-m/fpv4-sp/hard\libc_nano.a(lib_a-wsetup.o)
 .ARM.attributes
                0x00000c9a       0x34 c:/gcc_toolchain/6_2017-q1-update/bin/../lib/gcc/arm-none-eabi/6.3.1/../../../../arm-none-eabi/lib/thumb/v7e-m/fpv4-sp/hard\libc_nano.a(lib_a-fflush.o)
 .ARM.attributes
                0x00000cce       0x34 c:/gcc_toolchain/6_2017-q1-update/bin/../lib/gcc/arm-none-eabi/6.3.1/../../../../arm-none-eabi/lib/thumb/v7e-m/fpv4-sp/hard\libc_nano.a(lib_a-findfp.o)
 .ARM.attributes
                0x00000d02       0x34 c:/gcc_toolchain/6_2017-q1-update/bin/../lib/gcc/arm-none-eabi/6.3.1/../../../../arm-none-eabi/lib/thumb/v7e-m/fpv4-sp/hard\libc_nano.a(lib_a-fwalk.o)
 .ARM.attributes
                0x00000d36       0x34 c:/gcc_toolchain/6_2017-q1-update/bin/../lib/gcc/arm-none-eabi/6.3.1/../../../../arm-none-eabi/lib/thumb/v7e-m/fpv4-sp/hard\libc_nano.a(lib_a-makebuf.o)
 .ARM.attributes